<html>
<body>
<pre>
<h1>µVision Build Log</h1>
<h2>Tool Versions:</h2>
IDE-Version: ¦ÌVision V5.28.0.0
Copyright (C) 2019 ARM Ltd and ARM Germany GmbH. All rights reserved.
License Information: HIM CRH, HIMCRH, LIC=8VRJ7-E9GUX-JJV6S-LNV8N-1EVBI-CCH5J
 
Tool Versions:
Toolchain:       MDK-ARM Plus  Version: 5.28.0.0
Toolchain Path:  D:\softwares\keil\ARM\ARMCC\Bin
C Compiler:      Armcc.exe V5.06 update 6 (build 750)
Assembler:       Armasm.exe V5.06 update 6 (build 750)
Linker/Locator:  ArmLink.exe V5.06 update 6 (build 750)
Library Manager: ArmAr.exe V5.06 update 6 (build 750)
Hex Converter:   FromElf.exe V5.06 update 6 (build 750)
CPU DLL:         SARMCM3.DLL V5.28.0.0
Dialog DLL:      DCM.DLL V1.17.3.0
Target DLL:      CMSIS_AGDI.dll V1.31.18.0
Dialog DLL:      TCM.DLL V1.36.2.0
 
<h2>Project:</h2>
D:\sync_folder\Projects\Chassis_Controller\MDK-ARM\Chassis_Controller.uvprojx
Project File Date:  03/03/2023

<h2>Output:</h2>
*** Using Compiler 'V5.06 update 6 (build 750)', folder: 'D:\softwares\keil\ARM\ARMCC\Bin'
Build target 'Chassis_Controller'
assembling startup_stm32f407xx.s...
compiling stm32f4xx_hal_timebase_tim.c...
compiling gpio.c...
compiling stm32f4xx_hal_msp.c...
compiling can.c...
compiling usart.c...
compiling stm32f4xx_it.c...
compiling stm32f4xx_hal_can.c...
compiling freertos.c...
compiling stm32f4xx_hal_rcc.c...
compiling main.c...
compiling stm32f4xx_hal_flash_ramfunc.c...
compiling stm32f4xx_hal_dma.c...
compiling stm32f4xx_hal_pwr_ex.c...
compiling stm32f4xx_hal_cortex.c...
compiling stm32f4xx_hal_flash.c...
compiling stm32f4xx_hal_gpio.c...
compiling stm32f4xx_hal_flash_ex.c...
compiling stm32f4xx_hal_pwr.c...
compiling stm32f4xx_hal_rcc_ex.c...
compiling stm32f4xx_hal_dma_ex.c...
compiling croutine.c...
compiling list.c...
compiling event_groups.c...
compiling queue.c...
compiling timers.c...
compiling stream_buffer.c...
compiling tasks.c...
compiling heap_4.c...
compiling port.c...
compiling stm32f4xx_hal_exti.c...
compiling stm32f4xx_hal.c...
compiling system_stm32f4xx.c...
compiling stm32f4xx_hal_tim_ex.c...
compiling stm32f4xx_hal_uart.c...
compiling can_bsp.c...
compiling ring_buffer.c...
compiling mechanical_arm_uart.c...
COMMUNICATION\mechanical_arm_uart.c(106): warning:  #1-D: last line of file ends without a newline
  }
COMMUNICATION\mechanical_arm_uart.c: 1 warning, 0 errors
compiling Arm_Move_bsp.c...
compiling stm32f4xx_hal_tim.c...
compiling cmsis_os2.c...
compiling rm2006.c...
compiling Line_bsp.c...
compiling callback.c...
compiling fashion_star_uart_servo.c...
compiling my_task.c...
compiling Chassis_bsp.c...
CONTROL\Chassis_bsp.c(95): warning:  #550-D: variable "Speed_0"  was set but never used
  	static int Speed_0,Speed_1,Speed_2,Speed_3;
CONTROL\Chassis_bsp.c(95): warning:  #550-D: variable "Speed_1"  was set but never used
  	static int Speed_0,Speed_1,Speed_2,Speed_3;
CONTROL\Chassis_bsp.c(95): warning:  #550-D: variable "Speed_2"  was set but never used
  	static int Speed_0,Speed_1,Speed_2,Speed_3;
CONTROL\Chassis_bsp.c(95): warning:  #550-D: variable "Speed_3"  was set but never used
  	static int Speed_0,Speed_1,Speed_2,Speed_3;
CONTROL\Chassis_bsp.c(1210): warning:  #111-D: statement is unreachable
  			break;
CONTROL\Chassis_bsp.c: 5 warnings, 0 errors
linking...
Program Size: Code=48152 RO-data=1316 RW-data=1552 ZI-data=22032  
FromELF: creating hex file...
"Chassis_Controller\Chassis_Controller.axf" - 0 Error(s), 6 Warning(s).

<h2>Software Packages used:</h2>

Package Vendor: ARM
                http://www.keil.com/pack/ARM.CMSIS.5.5.1.pack
                ARM.CMSIS.5.5.1
                CMSIS (Cortex Microcontroller Software Interface Standard)
   * Component: CORE Version: 5.2.0

Package Vendor: Keil
                http://www.keil.com/pack/Keil.STM32F4xx_DFP.2.9.0.pack
                Keil.STM32F4xx_DFP.2.9.0
                STMicroelectronics STM32F4 Series Device Support, Drivers and Examples

<h2>Collection of Component include folders:</h2>
  .\RTE\_Chassis_Controller
  D:\softwares\keil\packs\ARM\CMSIS\5.5.1\CMSIS\Core\Include
  D:\softwares\keil\packs\Keil\STM32F4xx_DFP\2.9.0\Drivers\CMSIS\Device\ST\STM32F4xx\Include

<h2>Collection of Component Files used:</h2>

   * Component: ARM::CMSIS:CORE:5.2.0
Build Time Elapsed:  00:00:34
</pre>
</body>
</html>
