Component: ARM Compiler 5.06 update 6 (build 750) Tool: armlink [4d35ed]

==============================================================================

Section Cross References

    startup_stm32f407xx.o(STACK) refers (Special) to heapauxi.o(.text) for __use_two_region_memory
    startup_stm32f407xx.o(HEAP) refers (Special) to heapauxi.o(.text) for __use_two_region_memory
    startup_stm32f407xx.o(RESET) refers (Special) to heapauxi.o(.text) for __use_two_region_memory
    startup_stm32f407xx.o(RESET) refers to startup_stm32f407xx.o(STACK) for __initial_sp
    startup_stm32f407xx.o(RESET) refers to startup_stm32f407xx.o(.text) for Reset_Handler
    startup_stm32f407xx.o(RESET) refers to stm32f4xx_it.o(i.NMI_Handler) for NMI_Handler
    startup_stm32f407xx.o(RESET) refers to stm32f4xx_it.o(i.HardFault_Handler) for HardFault_Handler
    startup_stm32f407xx.o(RESET) refers to stm32f4xx_it.o(i.MemManage_Handler) for MemManage_Handler
    startup_stm32f407xx.o(RESET) refers to stm32f4xx_it.o(i.BusFault_Handler) for BusFault_Handler
    startup_stm32f407xx.o(RESET) refers to stm32f4xx_it.o(i.UsageFault_Handler) for UsageFault_Handler
    startup_stm32f407xx.o(RESET) refers to port.o(.emb_text) for SVC_Handler
    startup_stm32f407xx.o(RESET) refers to stm32f4xx_it.o(i.DebugMon_Handler) for DebugMon_Handler
    startup_stm32f407xx.o(RESET) refers to cmsis_os2.o(i.SysTick_Handler) for SysTick_Handler
    startup_stm32f407xx.o(RESET) refers to stm32f4xx_it.o(i.CAN1_RX0_IRQHandler) for CAN1_RX0_IRQHandler
    startup_stm32f407xx.o(RESET) refers to stm32f4xx_it.o(i.CAN1_SCE_IRQHandler) for CAN1_SCE_IRQHandler
    startup_stm32f407xx.o(RESET) refers to stm32f4xx_it.o(i.USART1_IRQHandler) for USART1_IRQHandler
    startup_stm32f407xx.o(RESET) refers to stm32f4xx_it.o(i.TIM8_TRG_COM_TIM14_IRQHandler) for TIM8_TRG_COM_TIM14_IRQHandler
    startup_stm32f407xx.o(RESET) refers to stm32f4xx_it.o(i.UART4_IRQHandler) for UART4_IRQHandler
    startup_stm32f407xx.o(RESET) refers to stm32f4xx_it.o(i.USART6_IRQHandler) for USART6_IRQHandler
    startup_stm32f407xx.o(.text) refers (Special) to heapauxi.o(.text) for __use_two_region_memory
    startup_stm32f407xx.o(.text) refers to system_stm32f4xx.o(i.SystemInit) for SystemInit
    startup_stm32f407xx.o(.text) refers to __main.o(!!!main) for __main
    startup_stm32f407xx.o(.text) refers to startup_stm32f407xx.o(HEAP) for Heap_Mem
    startup_stm32f407xx.o(.text) refers to startup_stm32f407xx.o(STACK) for Stack_Mem
    main.o(i.HAL_TIM_PeriodElapsedCallback) refers to stm32f4xx_hal.o(i.HAL_IncTick) for HAL_IncTick
    main.o(i.SystemClock_Config) refers to rt_memclr_w.o(.text) for __aeabi_memclr4
    main.o(i.SystemClock_Config) refers to stm32f4xx_hal_rcc.o(i.HAL_RCC_OscConfig) for HAL_RCC_OscConfig
    main.o(i.SystemClock_Config) refers to main.o(i.Error_Handler) for Error_Handler
    main.o(i.SystemClock_Config) refers to stm32f4xx_hal_rcc.o(i.HAL_RCC_ClockConfig) for HAL_RCC_ClockConfig
    main.o(i.main) refers to stm32f4xx_hal.o(i.HAL_Init) for HAL_Init
    main.o(i.main) refers to main.o(i.SystemClock_Config) for SystemClock_Config
    main.o(i.main) refers to gpio.o(i.MX_GPIO_Init) for MX_GPIO_Init
    main.o(i.main) refers to can.o(i.MX_CAN1_Init) for MX_CAN1_Init
    main.o(i.main) refers to usart.o(i.MX_USART1_UART_Init) for MX_USART1_UART_Init
    main.o(i.main) refers to usart.o(i.MX_USART6_UART_Init) for MX_USART6_UART_Init
    main.o(i.main) refers to usart.o(i.MX_UART5_Init) for MX_UART5_Init
    main.o(i.main) refers to usart.o(i.MX_UART4_Init) for MX_UART4_Init
    main.o(i.main) refers to my_task.o(i.Program_Init) for Program_Init
    main.o(i.main) refers to cmsis_os2.o(i.osKernelInitialize) for osKernelInitialize
    main.o(i.main) refers to freertos.o(i.MX_FREERTOS_Init) for MX_FREERTOS_Init
    main.o(i.main) refers to cmsis_os2.o(i.osKernelStart) for osKernelStart
    gpio.o(i.MX_GPIO_Init) refers to rt_memclr_w.o(.text) for __aeabi_memclr4
    gpio.o(i.MX_GPIO_Init) refers to stm32f4xx_hal_gpio.o(i.HAL_GPIO_WritePin) for HAL_GPIO_WritePin
    gpio.o(i.MX_GPIO_Init) refers to stm32f4xx_hal_gpio.o(i.HAL_GPIO_Init) for HAL_GPIO_Init
    freertos.o(i.Arm_Move_Base) refers to cmsis_os2.o(i.osDelay) for osDelay
    freertos.o(i.Arm_Move_Ctrl) refers to cmsis_os2.o(i.osDelay) for osDelay
    freertos.o(i.Chassis_Run) refers to cmsis_os2.o(i.osDelay) for osDelay
    freertos.o(i.Line_Refresh) refers to cmsis_os2.o(i.osDelay) for osDelay
    freertos.o(i.MX_FREERTOS_Init) refers to cmsis_os2.o(i.osThreadNew) for osThreadNew
    freertos.o(i.MX_FREERTOS_Init) refers to freertos.o(.constdata) for Chassis_Move_attributes
    freertos.o(i.MX_FREERTOS_Init) refers to my_task.o(i.Chassis_Run) for Chassis_Run
    freertos.o(i.MX_FREERTOS_Init) refers to freertos.o(.data) for Chassis_MoveHandle
    freertos.o(i.MX_FREERTOS_Init) refers to my_task.o(i.Line_Refresh) for Line_Refresh
    freertos.o(i.MX_FREERTOS_Init) refers to my_task.o(i.Arm_Move_Base) for Arm_Move_Base
[...]
    SPI2_IRQHandler                          0x08000343   Thumb Code     0  startup_stm32f407xx.o(.text)
    SPI3_IRQHandler                          0x08000343   Thumb Code     0  startup_stm32f407xx.o(.text)
    TAMP_STAMP_IRQHandler                    0x08000343   Thumb Code     0  startup_stm32f407xx.o(.text)
    TIM1_BRK_TIM9_IRQHandler                 0x08000343   Thumb Code     0  startup_stm32f407xx.o(.text)
    TIM1_CC_IRQHandler                       0x08000343   Thumb Code     0  startup_stm32f407xx.o(.text)
    TIM1_TRG_COM_TIM11_IRQHandler            0x08000343   Thumb Code     0  startup_stm32f407xx.o(.text)
    TIM1_UP_TIM10_IRQHandler                 0x08000343   Thumb Code     0  startup_stm32f407xx.o(.text)
    TIM2_IRQHandler                          0x08000343   Thumb Code     0  startup_stm32f407xx.o(.text)
    TIM3_IRQHandler                          0x08000343   Thumb Code     0  startup_stm32f407xx.o(.text)
    TIM4_IRQHandler                          0x08000343   Thumb Code     0  startup_stm32f407xx.o(.text)
    TIM5_IRQHandler                          0x08000343   Thumb Code     0  startup_stm32f407xx.o(.text)
    TIM6_DAC_IRQHandler                      0x08000343   Thumb Code     0  startup_stm32f407xx.o(.text)
    TIM7_IRQHandler                          0x08000343   Thumb Code     0  startup_stm32f407xx.o(.text)
    TIM8_BRK_TIM12_IRQHandler                0x08000343   Thumb Code     0  startup_stm32f407xx.o(.text)
    TIM8_CC_IRQHandler                       0x08000343   Thumb Code     0  startup_stm32f407xx.o(.text)
    TIM8_UP_TIM13_IRQHandler                 0x08000343   Thumb Code     0  startup_stm32f407xx.o(.text)
    UART5_IRQHandler                         0x08000343   Thumb Code     0  startup_stm32f407xx.o(.text)
    USART2_IRQHandler                        0x08000343   Thumb Code     0  startup_stm32f407xx.o(.text)
    USART3_IRQHandler                        0x08000343   Thumb Code     0  startup_stm32f407xx.o(.text)
    WWDG_IRQHandler                          0x08000343   Thumb Code     0  startup_stm32f407xx.o(.text)
    __user_initial_stackheap                 0x08000345   Thumb Code     0  startup_stm32f407xx.o(.text)
    __aeabi_uldivmod                         0x08000369   Thumb Code     0  lludivv7m.o(.text)
    _ll_udiv                                 0x08000369   Thumb Code   238  lludivv7m.o(.text)
    __aeabi_memcpy                           0x08000457   Thumb Code     0  rt_memcpy_v6.o(.text)
    __rt_memcpy                              0x08000457   Thumb Code   138  rt_memcpy_v6.o(.text)
    _memcpy_lastbytes                        0x080004bd   Thumb Code     0  rt_memcpy_v6.o(.text)
    __aeabi_memcpy4                          0x080004e1   Thumb Code     0  rt_memcpy_w.o(.text)
    __aeabi_memcpy8                          0x080004e1   Thumb Code     0  rt_memcpy_w.o(.text)
    __rt_memcpy_w                            0x080004e1   Thumb Code   100  rt_memcpy_w.o(.text)
    _memcpy_lastbytes_aligned                0x08000529   Thumb Code     0  rt_memcpy_w.o(.text)
    __aeabi_memset                           0x08000545   Thumb Code    16  aeabi_memset.o(.text)
    __aeabi_memclr4                          0x08000555   Thumb Code     0  rt_memclr_w.o(.text)
    __aeabi_memclr8                          0x08000555   Thumb Code     0  rt_memclr_w.o(.text)
    __rt_memclr_w                            0x08000555   Thumb Code    78  rt_memclr_w.o(.text)
    _memset_w                                0x08000559   Thumb Code     0  rt_memclr_w.o(.text)
    __use_two_region_memory                  0x080005a3   Thumb Code     2  heapauxi.o(.text)
    __rt_heap_escrow                         0x080005a5   Thumb Code     2  heapauxi.o(.text)
    __rt_heap_expand                         0x080005a7   Thumb Code     2  heapauxi.o(.text)
    __read_errno                             0x080005a9   Thumb Code    10  _rserrno.o(.text)
    __set_errno                              0x080005b3   Thumb Code    12  _rserrno.o(.text)
    __aeabi_memclr                           0x080005bf   Thumb Code     0  rt_memclr.o(.text)
    __rt_memclr                              0x080005bf   Thumb Code    68  rt_memclr.o(.text)
    _memset                                  0x080005c3   Thumb Code     0  rt_memclr.o(.text)
    __user_libspace                          0x08000605   Thumb Code     8  libspace.o(.text)
    __user_perproc_libspace                  0x08000605   Thumb Code     0  libspace.o(.text)
    __user_perthread_libspace                0x08000605   Thumb Code     0  libspace.o(.text)
    __aeabi_errno_addr                       0x0800060d   Thumb Code     8  rt_errno_addr_intlibspace.o(.text)
    __errno$intlibspace                      0x0800060d   Thumb Code     0  rt_errno_addr_intlibspace.o(.text)
    __rt_errno_addr$intlibspace              0x0800060d   Thumb Code     0  rt_errno_addr_intlibspace.o(.text)
    __I$use$semihosting                      0x08000615   Thumb Code     0  use_no_semi.o(.text)
    __use_no_semihosting_swi                 0x08000615   Thumb Code     2  use_no_semi.o(.text)
    __semihosting_library_function           0x08000617   Thumb Code     0  indicate_semi.o(.text)
    __user_setup_stackheap                   0x08000617   Thumb Code    74  sys_stackheap_outer.o(.text)
    exit                                     0x08000661   Thumb Code    18  exit.o(.text)
    _sys_exit                                0x08000675   Thumb Code     8  sys_exit.o(.text)
    Arm_Invesal                              0x08000681   Thumb Code    14  arm_move_bsp.o(i.Arm_Invesal)
    Arm_Move_Back                            0x08000695   Thumb Code    66  arm_move_bsp.o(i.Arm_Move_Back)
    Arm_Move_Base                            0x080006e1   Thumb Code   148  my_task.o(i.Arm_Move_Base)
    Arm_Move_Ctrl                            0x0800077d   Thumb Code    32  my_task.o(i.Arm_Move_Ctrl)
    Arm_Move_Front                           0x080007a1   Thumb Code    96  arm_move_bsp.o(i.Arm_Move_Front)
    Arm_Move_Init                            0x0800080d   Thumb Code    20  arm_move_bsp.o(i.Arm_Move_Init)
    Arm_Move_Inner                           0x08000829   Thumb Code   578  arm_move_bsp.o(i.Arm_Move_Inner)
    Arm_Move_Outer                           0x08000acd   Thumb Code  3950  arm_move_bsp.o(i.Arm_Move_Outer)
    Arm_Move_Path                            0x08001a6d   Thumb Code   114  arm_move_bsp.o(i.Arm_Move_Path)
    Arm_Move_Transition_B                    0x08001ae5   Thumb Code   100  arm_move_bsp.o(i.Arm_Move_Transition_B)
    Arm_Move_Transition_F                    0x08001b51   Thumb Code   100  arm_move_bsp.o(i.Arm_Move_Transition_F)
    BusFault_Handler                         0x08001bbd   Thumb Code     4  stm32f4xx_it.o(i.BusFault_Handler)
    CAN1_RX0_IRQHandler                      0x08001bc1   Thumb Code    10  stm32f4xx_it.o(i.CAN1_RX0_IRQHandler)
    CAN1_SCE_IRQHandler                      0x08001bd1   Thumb Code    10  stm32f4xx_it.o(i.CAN1_SCE_IRQHandler)
    CAN_Init                                 0x08001be1   Thumb Code    82  can_bsp.o(i.CAN_Init)
    Chassis_Info_Init                        0x08001c39   Thumb Code    60  chassis_bsp.o(i.Chassis_Info_Init)
    Chassis_Run                              0x08001c99   Thumb Code    82  my_task.o(i.Chassis_Run)
    Clamp_The_Upper_Material                 0x08001cfd   Thumb Code   242  chassis_bsp.o(i.Clamp_The_Upper_Material)
    Clamp_The_lower_Material                 0x08001e19   Thumb Code   260  chassis_bsp.o(i.Clamp_The_lower_Material)
    DJI_CAN_Send_Data                        0x08001f4d   Thumb Code    98  rm2006.o(i.DJI_CAN_Send_Data)
    DebugMon_Handler                         0x08001faf   Thumb Code     2  stm32f4xx_it.o(i.DebugMon_Handler)
    Direction_Rotation                       0x08001fb1   Thumb Code   180  chassis_bsp.o(i.Direction_Rotation)
    Emptying_Triggered                       0x08002079   Thumb Code    28  line_bsp.o(i.Emptying_Triggered)
    Error_Handler                            0x08002095   Thumb Code     6  main.o(i.Error_Handler)
    FSUS_Package2RingBuffer                  0x0800209b   Thumb Code    58  fashion_star_uart_servo.o(i.FSUS_Package2RingBuffer)
    FSUS_SendPackage                         0x080020d5   Thumb Code    68  fashion_star_uart_servo.o(i.FSUS_SendPackage)
    FSUS_SetServoAngle                       0x08002119   Thumb Code   160  fashion_star_uart_servo.o(i.FSUS_SetServoAngle)
    HAL_CAN_ActivateNotification             0x080021c1   Thumb Code    42  stm32f4xx_hal_can.o(i.HAL_CAN_ActivateNotification)
    HAL_CAN_AddTxMessage                     0x080021eb   Thumb Code   342  stm32f4xx_hal_can.o(i.HAL_CAN_AddTxMessage)
    HAL_CAN_ConfigFilter                     0x08002341   Thumb Code   286  stm32f4xx_hal_can.o(i.HAL_CAN_ConfigFilter)
    HAL_CAN_ErrorCallback                    0x08002465   Thumb Code     2  stm32f4xx_hal_can.o(i.HAL_CAN_ErrorCallback)
    HAL_CAN_GetRxMessage                     0x08002467   Thumb Code   378  stm32f4xx_hal_can.o(i.HAL_CAN_GetRxMessage)
    HAL_CAN_GetTxMailboxesFreeLevel          0x080025e1   Thumb Code    54  stm32f4xx_hal_can.o(i.HAL_CAN_GetTxMailboxesFreeLevel)
    HAL_CAN_IRQHandler                       0x08002617   Thumb Code   590  stm32f4xx_hal_can.o(i.HAL_CAN_IRQHandler)
    HAL_CAN_Init                             0x08002865   Thumb Code   372  stm32f4xx_hal_can.o(i.HAL_CAN_Init)
    HAL_CAN_MspInit                          0x080029d9   Thumb Code   156  can.o(i.HAL_CAN_MspInit)
    HAL_CAN_RxFifo0FullCallback              0x08002a81   Thumb Code     2  stm32f4xx_hal_can.o(i.HAL_CAN_RxFifo0FullCallback)
    HAL_CAN_RxFifo0MsgPendingCallback        0x08002a85   Thumb Code    48  callback.o(i.HAL_CAN_RxFifo0MsgPendingCallback)
    HAL_CAN_RxFifo1FullCallback              0x08002ab9   Thumb Code     2  stm32f4xx_hal_can.o(i.HAL_CAN_RxFifo1FullCallback)
    HAL_CAN_RxFifo1MsgPendingCallback        0x08002abb   Thumb Code     2  stm32f4xx_hal_can.o(i.HAL_CAN_RxFifo1MsgPendingCallback)
    HAL_CAN_SleepCallback                    0x08002abd   Thumb Code     2  stm32f4xx_hal_can.o(i.HAL_CAN_SleepCallback)
    HAL_CAN_Start                            0x08002abf   Thumb Code    94  stm32f4xx_hal_can.o(i.HAL_CAN_Start)
    HAL_CAN_TxMailbox0AbortCallback          0x08002b1d   Thumb Code     2  stm32f4xx_hal_can.o(i.HAL_CAN_TxMailbox0AbortCallback)
    HAL_CAN_TxMailbox0CompleteCallback       0x08002b1f   Thumb Code     2  stm32f4xx_hal_can.o(i.HAL_CAN_TxMailbox0CompleteCallback)
    HAL_CAN_TxMailbox1AbortCallback          0x08002b21   Thumb Code     2  stm32f4xx_hal_can.o(i.HAL_CAN_TxMailbox1AbortCallback)
    HAL_CAN_TxMailbox1CompleteCallback       0x08002b23   Thumb Code     2  stm32f4xx_hal_can.o(i.HAL_CAN_TxMailbox1CompleteCallback)
    HAL_CAN_TxMailbox2AbortCallback          0x08002b25   Thumb Code     2  stm32f4xx_hal_can.o(i.HAL_CAN_TxMailbox2AbortCallback)
    HAL_CAN_TxMailbox2CompleteCallback       0x08002b27   Thumb Code     2  stm32f4xx_hal_can.o(i.HAL_CAN_TxMailbox2CompleteCallback)
    HAL_CAN_WakeUpFromRxMsgCallback          0x08002b29   Thumb Code     2  stm32f4xx_hal_can.o(i.HAL_CAN_WakeUpFromRxMsgCallback)
    HAL_DMA_Abort                            0x08002b2b   Thumb Code   172  stm32f4xx_hal_dma.o(i.HAL_DMA_Abort)
    HAL_DMA_Abort_IT                         0x08002bd7   Thumb Code    40  stm32f4xx_hal_dma.o(i.HAL_DMA_Abort_IT)
    HAL_Delay                                0x08002c01   Thumb Code    36  stm32f4xx_hal.o(i.HAL_Delay)
    HAL_GPIO_Init                            0x08002c29   Thumb Code   454  stm32f4xx_hal_gpio.o(i.HAL_GPIO_Init)
    HAL_GPIO_ReadPin                         0x08002e1d   Thumb Code    16  stm32f4xx_hal_gpio.o(i.HAL_GPIO_ReadPin)
    HAL_GPIO_WritePin                        0x08002e2d   Thumb Code    12  stm32f4xx_hal_gpio.o(i.HAL_GPIO_WritePin)
    HAL_GetTick                              0x08002e39   Thumb Code     6  stm32f4xx_hal.o(i.HAL_GetTick)
    HAL_IncTick                              0x08002e45   Thumb Code    16  stm32f4xx_hal.o(i.HAL_IncTick)
    HAL_Init                                 0x08002e5d   Thumb Code    54  stm32f4xx_hal.o(i.HAL_Init)
    HAL_InitTick                             0x08002e99   Thumb Code   122  stm32f4xx_hal_timebase_tim.o(i.HAL_InitTick)
    HAL_MspInit                              0x08002f25   Thumb Code    78  stm32f4xx_hal_msp.o(i.HAL_MspInit)
    HAL_NVIC_EnableIRQ                       0x08002f79   Thumb Code    32  stm32f4xx_hal_cortex.o(i.HAL_NVIC_EnableIRQ)
    HAL_NVIC_SetPriority                     0x08002f99   Thumb Code   124  stm32f4xx_hal_cortex.o(i.HAL_NVIC_SetPriority)
    HAL_NVIC_SetPriorityGrouping             0x08003015   Thumb Code    32  stm32f4xx_hal_cortex.o(i.HAL_NVIC_SetPriorityGrouping)
    HAL_RCC_ClockConfig                      0x0800303d   Thumb Code   368  stm32f4xx_hal_rcc.o(i.HAL_RCC_ClockConfig)
    HAL_RCC_GetClockConfig                   0x080031c1   Thumb Code    58  stm32f4xx_hal_rcc.o(i.HAL_RCC_GetClockConfig)
    HAL_RCC_GetHCLKFreq                      0x08003205   Thumb Code     6  stm32f4xx_hal_rcc.o(i.HAL_RCC_GetHCLKFreq)
    HAL_RCC_GetPCLK1Freq                     0x08003211   Thumb Code    22  stm32f4xx_hal_rcc.o(i.HAL_RCC_GetPCLK1Freq)
    HAL_RCC_GetPCLK2Freq                     0x08003231   Thumb Code    22  stm32f4xx_hal_rcc.o(i.HAL_RCC_GetPCLK2Freq)
    HAL_RCC_GetSysClockFreq                  0x08003251   Thumb Code   162  stm32f4xx_hal_rcc.o(i.HAL_RCC_GetSysClockFreq)
    HAL_RCC_OscConfig                        0x08003301   Thumb Code  1172  stm32f4xx_hal_rcc.o(i.HAL_RCC_OscConfig)
    HAL_TIMEx_BreakCallback                  0x0800379d   Thumb Code     2  stm32f4xx_hal_tim_ex.o(i.HAL_TIMEx_BreakCallback)
    HAL_TIMEx_CommutCallback                 0x0800379f   Thumb Code     2  stm32f4xx_hal_tim_ex.o(i.HAL_TIMEx_CommutCallback)
    HAL_TIM_Base_Init                        0x080037a1   Thumb Code   102  stm32f4xx_hal_tim.o(i.HAL_TIM_Base_Init)
    HAL_TIM_Base_MspInit                     0x08003807   Thumb Code     2  stm32f4xx_hal_tim.o(i.HAL_TIM_Base_MspInit)
    HAL_TIM_Base_Start_IT                    0x08003809   Thumb Code   138  stm32f4xx_hal_tim.o(i.HAL_TIM_Base_Start_IT)
    HAL_TIM_IC_CaptureCallback               0x080038b1   Thumb Code     2  stm32f4xx_hal_tim.o(i.HAL_TIM_IC_CaptureCallback)
    HAL_TIM_IRQHandler                       0x080038b3   Thumb Code   406  stm32f4xx_hal_tim.o(i.HAL_TIM_IRQHandler)
    HAL_TIM_OC_DelayElapsedCallback          0x08003a49   Thumb Code     2  stm32f4xx_hal_tim.o(i.HAL_TIM_OC_DelayElapsedCallback)
    HAL_TIM_PWM_PulseFinishedCallback        0x08003a4b   Thumb Code     2  stm32f4xx_hal_tim.o(i.HAL_TIM_PWM_PulseFinishedCallback)
    HAL_TIM_PeriodElapsedCallback            0x08003a4d   Thumb Code    18  main.o(i.HAL_TIM_PeriodElapsedCallback)
    HAL_TIM_TriggerCallback                  0x08003a65   Thumb Code     2  stm32f4xx_hal_tim.o(i.HAL_TIM_TriggerCallback)
    HAL_UARTEx_RxEventCallback               0x08003a67   Thumb Code     2  stm32f4xx_hal_uart.o(i.HAL_UARTEx_RxEventCallback)
    HAL_UART_ErrorCallback                   0x08003a69   Thumb Code     2  stm32f4xx_hal_uart.o(i.HAL_UART_ErrorCallback)
    HAL_UART_IRQHandler                      0x08003a6d   Thumb Code   732  stm32f4xx_hal_uart.o(i.HAL_UART_IRQHandler)
    HAL_UART_Init                            0x08003d4d   Thumb Code   114  stm32f4xx_hal_uart.o(i.HAL_UART_Init)
    HAL_UART_MspInit                         0x08003dc1   Thumb Code   558  usart.o(i.HAL_UART_MspInit)
    HAL_UART_Receive_IT                      0x08004011   Thumb Code    66  stm32f4xx_hal_uart.o(i.HAL_UART_Receive_IT)
    HAL_UART_RxCpltCallback                  0x08004055   Thumb Code   216  callback.o(i.HAL_UART_RxCpltCallback)
    HAL_UART_Transmit                        0x08004165   Thumb Code   210  stm32f4xx_hal_uart.o(i.HAL_UART_Transmit)
    HAL_UART_TxCpltCallback                  0x08004237   Thumb Code     2  stm32f4xx_hal_uart.o(i.HAL_UART_TxCpltCallback)
    HardFault_Handler                        0x08004239   Thumb Code     4  stm32f4xx_it.o(i.HardFault_Handler)
    Inverse_Kinematic                        0x0800423d   Thumb Code  1364  arm_move_bsp.o(i.Inverse_Kinematic)
    Line_Patrol_VX                           0x0800479d   Thumb Code   454  chassis_bsp.o(i.Line_Patrol_VX)
    Line_Patrol_VY                           0x080049a1   Thumb Code   454  chassis_bsp.o(i.Line_Patrol_VY)
    Line_Refresh                             0x08004ba5   Thumb Code   660  my_task.o(i.Line_Refresh)
    M2006_Get_Feedback                       0x08004e59   Thumb Code    56  rm2006.o(i.M2006_Get_Feedback)
    M2006_Get_Speed                          0x08004e95   Thumb Code   102  rm2006.o(i.M2006_Get_Speed)
    M2006_Set_I                              0x08004f01   Thumb Code    80  rm2006.o(i.M2006_Set_I)
    M2006_Set_Speed                          0x08004f59   Thumb Code   536  rm2006.o(i.M2006_Set_Speed)
    MX_CAN1_Init                             0x08005179   Thumb Code    60  can.o(i.MX_CAN1_Init)
    MX_FREERTOS_Init                         0x080051bd   Thumb Code    60  freertos.o(i.MX_FREERTOS_Init)
    MX_GPIO_Init                             0x08005229   Thumb Code   370  gpio.o(i.MX_GPIO_Init)
    MX_UART4_Init                            0x080053b5   Thumb Code    46  usart.o(i.MX_UART4_Init)
    MX_UART5_Init                            0x080053ed   Thumb Code    46  usart.o(i.MX_UART5_Init)
    MX_USART1_UART_Init                      0x08005425   Thumb Code    46  usart.o(i.MX_USART1_UART_Init)
    MX_USART6_UART_Init                      0x0800545d   Thumb Code    46  usart.o(i.MX_USART6_UART_Init)
    MemManage_Handler                        0x08005495   Thumb Code     4  stm32f4xx_it.o(i.MemManage_Handler)
    Move_Status_Free                         0x08005499   Thumb Code    86  chassis_bsp.o(i.Move_Status_Free)
    Move_Status_NewTask                      0x08005505   Thumb Code   384  chassis_bsp.o(i.Move_Status_NewTask)
    Move_Status_calibration                  0x0800568d   Thumb Code    48  chassis_bsp.o(i.Move_Status_calibration)
    NMI_Handler                              0x080056c5   Thumb Code     4  stm32f4xx_it.o(i.NMI_Handler)
    Position_Calibration                     0x080056c9   Thumb Code   488  chassis_bsp.o(i.Position_Calibration)
    Positive_Direction_Calibration           0x080058e9   Thumb Code   340  chassis_bsp.o(i.Positive_Direction_Calibration)
    Product_Area_Lower                       0x08005a61   Thumb Code   264  chassis_bsp.o(i.Product_Area_Lower)
    Product_Area_Upper                       0x08005b99   Thumb Code   264  chassis_bsp.o(i.Product_Area_Upper)
    Program_Init                             0x08005cd1   Thumb Code    18  my_task.o(i.Program_Init)
    RingBuffer_GetByteFree                   0x08005ce9   Thumb Code    24  ring_buffer.o(i.RingBuffer_GetByteFree)
    RingBuffer_GetByteUsed                   0x08005d01   Thumb Code    42  ring_buffer.o(i.RingBuffer_GetByteUsed)
    RingBuffer_GetCapacity                   0x08005d2b   Thumb Code    10  ring_buffer.o(i.RingBuffer_GetCapacity)
    RingBuffer_GetChecksum                   0x08005d35   Thumb Code    40  ring_buffer.o(i.RingBuffer_GetChecksum)
    RingBuffer_GetValueByIndex               0x08005d5d   Thumb Code    44  ring_buffer.o(i.RingBuffer_GetValueByIndex)
    RingBuffer_Init                          0x08005d89   Thumb Code    38  ring_buffer.o(i.RingBuffer_Init)
    RingBuffer_IsEmpty                       0x08005daf   Thumb Code    30  ring_buffer.o(i.RingBuffer_IsEmpty)
    RingBuffer_IsFull                        0x08005dcd   Thumb Code    20  ring_buffer.o(i.RingBuffer_IsFull)
    RingBuffer_Pop                           0x08005de1   Thumb Code    50  ring_buffer.o(i.RingBuffer_Pop)
    RingBuffer_Push                          0x08005e13   Thumb Code    44  ring_buffer.o(i.RingBuffer_Push)
    RingBuffer_Reset                         0x08005e3f   Thumb Code     8  ring_buffer.o(i.RingBuffer_Reset)
    RingBuffer_WriteByte                     0x08005e47   Thumb Code    16  ring_buffer.o(i.RingBuffer_WriteByte)
    RingBuffer_WriteByteArray                0x08005e57   Thumb Code    30  ring_buffer.o(i.RingBuffer_WriteByteArray)
    RingBuffer_WriteShort                    0x08005e75   Thumb Code    18  ring_buffer.o(i.RingBuffer_WriteShort)
    RingBuffer_WriteUShort                   0x08005e87   Thumb Code    18  ring_buffer.o(i.RingBuffer_WriteUShort)
    Rotating_Line_Patrol                     0x08005e99   Thumb Code   140  chassis_bsp.o(i.Rotating_Line_Patrol)
    Rough_Machining_Lower                    0x08005f2d   Thumb Code   342  chassis_bsp.o(i.Rough_Machining_Lower)
    Rough_Machining_Upper                    0x080060b5   Thumb Code   342  chassis_bsp.o(i.Rough_Machining_Upper)
    Run_Into_End                             0x0800623d   Thumb Code   144  chassis_bsp.o(i.Run_Into_End)
    Run_To_End                               0x080062f9   Thumb Code    64  chassis_bsp.o(i.Run_To_End)
    Run_To_Processing                        0x08006345   Thumb Code    94  chassis_bsp.o(i.Run_To_Processing)
    Run_To_Product_Area                      0x080063b1   Thumb Code   124  chassis_bsp.o(i.Run_To_Product_Area)
    Run_To_stock                             0x0800643d   Thumb Code   124  chassis_bsp.o(i.Run_To_stock)
    Scan_Qr_Code                             0x080064c5   Thumb Code   182  chassis_bsp.o(i.Scan_Qr_Code)
    Speed_Robot_Coordinate                   0x080065a1   Thumb Code   178  chassis_bsp.o(i.Speed_Robot_Coordinate)
    SysTick_Handler                          0x08006661   Thumb Code    22  cmsis_os2.o(i.SysTick_Handler)
    SystemClock_Config                       0x08006679   Thumb Code   170  main.o(i.SystemClock_Config)
    SystemInit                               0x0800672d   Thumb Code    14  system_stm32f4xx.o(i.SystemInit)
    TIM8_TRG_COM_TIM14_IRQHandler            0x08006741   Thumb Code    10  stm32f4xx_it.o(i.TIM8_TRG_COM_TIM14_IRQHandler)
    TIM_Base_SetConfig                       0x08006751   Thumb Code   170  stm32f4xx_hal_tim.o(i.TIM_Base_SetConfig)
    UART4_IRQHandler                         0x08006829   Thumb Code    10  stm32f4xx_it.o(i.UART4_IRQHandler)
    UART_Start_Receive_IT                    0x08006bfd   Thumb Code    74  stm32f4xx_hal_uart.o(i.UART_Start_Receive_IT)
    USART1_IRQHandler                        0x08006d39   Thumb Code    10  stm32f4xx_it.o(i.USART1_IRQHandler)
    USART6_IRQHandler                        0x08006d49   Thumb Code    10  stm32f4xx_it.o(i.USART6_IRQHandler)
    UsageFault_Handler                       0x08006d59   Thumb Code     4  stm32f4xx_it.o(i.UsageFault_Handler)
    Usart_Init                               0x08006d5d   Thumb Code    44  mechanical_arm_uart.o(i.Usart_Init)
    Usart_SendAll                            0x08006da1   Thumb Code    84  mechanical_arm_uart.o(i.Usart_SendAll)
    Visual_Recognition                       0x08006e01   Thumb Code   176  chassis_bsp.o(i.Visual_Recognition)
    Wheels_Run                               0x08006ecd   Thumb Code   102  chassis_bsp.o(i.Wheels_Run)
    __ARM_fpclassify                         0x08006f41   Thumb Code    48  fpclassify.o(i.__ARM_fpclassify)
    __hardfp_acos                            0x08006fb1   Thumb Code   738  acos.o(i.__hardfp_acos)
    __hardfp_atan                            0x08007309   Thumb Code   622  atan.o(i.__hardfp_atan)
    __hardfp_atan2                           0x080075e1   Thumb Code   432  atan2.o(i.__hardfp_atan2)
    __hardfp_cos                             0x080077d1   Thumb Code   180  cos.o(i.__hardfp_cos)
    __hardfp_pow                             0x08007899   Thumb Code  3072  pow.o(i.__hardfp_pow)
    __hardfp_sin                             0x080084e9   Thumb Code   180  sin.o(i.__hardfp_sin)
    __hardfp_sqrt                            0x080085b1   Thumb Code   122  sqrt.o(i.__hardfp_sqrt)
    __ieee754_rem_pio2                       0x08008631   Thumb Code   938  rred.o(i.__ieee754_rem_pio2)
    __kernel_cos                             0x08008a69   Thumb Code   322  cos_i.o(i.__kernel_cos)
    __kernel_poly                            0x08008bd9   Thumb Code   248  poly.o(i.__kernel_poly)
    __kernel_sin                             0x08008cd1   Thumb Code   280  sin_i.o(i.__kernel_sin)
    __mathlib_dbl_divzero                    0x08008e01   Thumb Code    28  dunder.o(i.__mathlib_dbl_divzero)
    __mathlib_dbl_infnan                     0x08008e31   Thumb Code    20  dunder.o(i.__mathlib_dbl_infnan)
    __mathlib_dbl_infnan2                    0x08008e45   Thumb Code    20  dunder.o(i.__mathlib_dbl_infnan2)
    __mathlib_dbl_invalid                    0x08008e59   Thumb Code    24  dunder.o(i.__mathlib_dbl_invalid)
    __mathlib_dbl_overflow                   0x08008e79   Thumb Code    24  dunder.o(i.__mathlib_dbl_overflow)
    __mathlib_dbl_underflow                  0x08008e99   Thumb Code    24  dunder.o(i.__mathlib_dbl_underflow)
    atan                                     0x08008eb9   Thumb Code    16  atan.o(i.atan)
    fabs                                     0x08008ec9   Thumb Code    24  fabs.o(i.fabs)
    main                                     0x08008ee1   Thumb Code    52  main.o(i.main)
    osDelay                                  0x08008f15   Thumb Code    30  cmsis_os2.o(i.osDelay)
    osKernelInitialize                       0x08008f35   Thumb Code    38  cmsis_os2.o(i.osKernelInitialize)
    osKernelStart                            0x08008f61   Thumb Code    82  cmsis_os2.o(i.osKernelStart)
    osThreadNew                              0x08008fc1   Thumb Code   184  cmsis_os2.o(i.osThreadNew)
    pos_rec                                  0x08009079   Thumb Code   144  rm2006.o(i.pos_rec)
    pvPortMalloc                             0x08009b3d   Thumb Code   306  heap_4.o(i.pvPortMalloc)
    pxPortInitialiseStack                    0x08009c89   Thumb Code    38  port.o(i.pxPortInitialiseStack)
    sqrt                                     0x08009cb5   Thumb Code   110  sqrt.o(i.sqrt)
    uxListRemove                             0x08009d23   Thumb Code    40  list.o(i.uxListRemove)
    vApplicationGetIdleTaskMemory            0x08009d4d   Thumb Code    14  cmsis_os2.o(i.vApplicationGetIdleTaskMemory)
    vApplicationGetTimerTaskMemory           0x08009d65   Thumb Code    16  cmsis_os2.o(i.vApplicationGetTimerTaskMemory)
    vListInitialise                          0x08009d7d   Thumb Code    26  list.o(i.vListInitialise)
    vListInitialiseItem                      0x08009d97   Thumb Code     6  list.o(i.vListInitialiseItem)
    vListInsert                              0x08009d9d   Thumb Code    52  list.o(i.vListInsert)
    vListInsertEnd                           0x08009dd1   Thumb Code    24  list.o(i.vListInsertEnd)
    vPortEnterCritical                       0x08009de9   Thumb Code    76  port.o(i.vPortEnterCritical)
    vPortExitCritical                        0x08009e3d   Thumb Code    56  port.o(i.vPortExitCritical)
    vPortFree                                0x08009e79   Thumb Code   150  heap_4.o(i.vPortFree)
    vPortSetupTimerInterrupt                 0x08009f1d   Thumb Code    36  port.o(i.vPortSetupTimerInterrupt)
    vPortValidateInterruptPriority           0x08009f45   Thumb Code   106  port.o(i.vPortValidateInterruptPriority)
    vQueueAddToRegistry                      0x08009fbd   Thumb Code    38  queue.o(i.vQueueAddToRegistry)
    vQueueWaitForMessageRestricted           0x08009fe9   Thumb Code    74  queue.o(i.vQueueWaitForMessageRestricted)
    vTaskDelay                               0x0800a035   Thumb Code    82  tasks.o(i.vTaskDelay)
    vTaskInternalSetTimeOutState             0x0800a091   Thumb Code    14  tasks.o(i.vTaskInternalSetTimeOutState)
    vTaskMissedYield                         0x0800a0a9   Thumb Code     8  tasks.o(i.vTaskMissedYield)
    vTaskPlaceOnEventList                    0x0800a0b5   Thumb Code    52  tasks.o(i.vTaskPlaceOnEventList)
    vTaskPlaceOnEventListRestricted          0x0800a0ed   Thumb Code    60  tasks.o(i.vTaskPlaceOnEventListRestricted)
    vTaskStartScheduler                      0x0800a12d   Thumb Code   156  tasks.o(i.vTaskStartScheduler)
    vTaskSuspendAll                          0x0800a1e5   Thumb Code    12  tasks.o(i.vTaskSuspendAll)
    vTaskSwitchContext                       0x0800a1f5   Thumb Code   122  tasks.o(i.vTaskSwitchContext)
    xPortStartScheduler                      0x0800a285   Thumb Code   330  port.o(i.xPortStartScheduler)
    xPortSysTickHandler                      0x0800a3ed   Thumb Code    46  port.o(i.xPortSysTickHandler)
    xQueueGenericCreateStatic                0x0800a421   Thumb Code   224  queue.o(i.xQueueGenericCreateStatic)
    xQueueGenericReset                       0x0800a501   Thumb Code   146  queue.o(i.xQueueGenericReset)
    xQueueGenericSend                        0x0800a599   Thumb Code   420  queue.o(i.xQueueGenericSend)
    xQueueGenericSendFromISR                 0x0800a741   Thumb Code   252  queue.o(i.xQueueGenericSendFromISR)
    xQueueReceive                            0x0800a83d   Thumb Code   356  queue.o(i.xQueueReceive)
    xTaskCheckForTimeOut                     0x0800a9a5   Thumb Code   132  tasks.o(i.xTaskCheckForTimeOut)
    xTaskCreate                              0x0800aa31   Thumb Code   100  tasks.o(i.xTaskCreate)
    xTaskCreateStatic                        0x0800aa95   Thumb Code   186  tasks.o(i.xTaskCreateStatic)
    xTaskGetSchedulerState                   0x0800ab51   Thumb Code    24  tasks.o(i.xTaskGetSchedulerState)
    xTaskGetTickCount                        0x0800ab71   Thumb Code     6  tasks.o(i.xTaskGetTickCount)
    xTaskIncrementTick                       0x0800ab7d   Thumb Code   280  tasks.o(i.xTaskIncrementTick)
    xTaskPriorityDisinherit                  0x0800acc1   Thumb Code   152  tasks.o(i.xTaskPriorityDisinherit)
    xTaskRemoveFromEventList                 0x0800ad65   Thumb Code   126  tasks.o(i.xTaskRemoveFromEventList)
    xTaskResumeAll                           0x0800adfd   Thumb Code   222  tasks.o(i.xTaskResumeAll)
    xTimerCreateTimerTask                    0x0800af01   Thumb Code   100  timers.o(i.xTimerCreateTimerTask)
    xTimerGenericCommand                     0x0800af79   Thumb Code   128  timers.o(i.xTimerGenericCommand)
    __aeabi_dneg                             0x0800affd   Thumb Code     0  basic.o(x$fpl$basic)
    _dneg                                    0x0800affd   Thumb Code     6  basic.o(x$fpl$basic)
    __aeabi_fneg                             0x0800b003   Thumb Code     0  basic.o(x$fpl$basic)
    _fneg                                    0x0800b003   Thumb Code     6  basic.o(x$fpl$basic)
    _dabs                                    0x0800b009   Thumb Code     6  basic.o(x$fpl$basic)
    _fabs                                    0x0800b00f   Thumb Code     6  basic.o(x$fpl$basic)
    __aeabi_d2f                              0x0800b015   Thumb Code     0  d2f.o(x$fpl$d2f)
    _d2f                                     0x0800b015   Thumb Code    98  d2f.o(x$fpl$d2f)
    __aeabi_dadd                             0x0800b079   Thumb Code     0  daddsub_clz.o(x$fpl$dadd)
    _dadd                                    0x0800b079   Thumb Code   332  daddsub_clz.o(x$fpl$dadd)
    __fpl_dcheck_NaN1                        0x0800b1c9   Thumb Code    10  dcheck1.o(x$fpl$dcheck1)
    __fpl_dcmp_Inf                           0x0800b1d9   Thumb Code    24  dcmpi.o(x$fpl$dcmpinf)
    __aeabi_ddiv                             0x0800b1f1   Thumb Code     0  ddiv.o(x$fpl$ddiv)
    _ddiv                                    0x0800b1f1   Thumb Code   552  ddiv.o(x$fpl$ddiv)
    __aeabi_d2iz                             0x0800b4a1   Thumb Code     0  dfix.o(x$fpl$dfix)
    _dfix                                    0x0800b4a1   Thumb Code    94  dfix.o(x$fpl$dfix)
    __aeabi_i2d                              0x0800b4ff   Thumb Code     0  dflt_clz.o(x$fpl$dflt)
    _dflt                                    0x0800b4ff   Thumb Code    46  dflt_clz.o(x$fpl$dflt)
    __aeabi_ui2d                             0x0800b52d   Thumb Code     0  dflt_clz.o(x$fpl$dfltu)
    _dfltu                                   0x0800b52d   Thumb Code    38  dflt_clz.o(x$fpl$dfltu)
    __aeabi_cdcmple                          0x0800b555   Thumb Code     0  dleqf.o(x$fpl$dleqf)
    _dcmple                                  0x0800b555   Thumb Code   120  dleqf.o(x$fpl$dleqf)
    __fpl_dcmple_InfNaN                      0x0800b5b7   Thumb Code     0  dleqf.o(x$fpl$dleqf)
    __aeabi_dmul                             0x0800b5cd   Thumb Code     0  dmul.o(x$fpl$dmul)
    _dmul                                    0x0800b5cd   Thumb Code   332  dmul.o(x$fpl$dmul)
    __fpl_dnaninf                            0x0800b721   Thumb Code   156  dnaninf.o(x$fpl$dnaninf)
    __fpl_dretinf                            0x0800b7bd   Thumb Code    12  dretinf.o(x$fpl$dretinf)
    __aeabi_cdrcmple                         0x0800b7c9   Thumb Code     0  drleqf.o(x$fpl$drleqf)
    _drcmple                                 0x0800b7c9   Thumb Code   108  drleqf.o(x$fpl$drleqf)
    __aeabi_drsub                            0x0800b835   Thumb Code     0  daddsub_clz.o(x$fpl$drsb)
    _drsb                                    0x0800b835   Thumb Code    22  daddsub_clz.o(x$fpl$drsb)
    _dsqrt                                   0x0800b84d   Thumb Code   404  dsqrt_umaal.o(x$fpl$dsqrt)
    __aeabi_dsub                             0x0800b9e5   Thumb Code     0  daddsub_clz.o(x$fpl$dsub)
    _dsub                                    0x0800b9e5   Thumb Code   464  daddsub_clz.o(x$fpl$dsub)
    __aeabi_f2d                              0x0800bbb9   Thumb Code     0  f2d.o(x$fpl$f2d)
    _f2d                                     0x0800bbb9   Thumb Code    86  f2d.o(x$fpl$f2d)
    __fpl_fnaninf                            0x0800bc0f   Thumb Code   140  fnaninf.o(x$fpl$fnaninf)
    _fp_init                                 0x0800bc9b   Thumb Code    10  fpinit.o(x$fpl$fpinit)
    __fplib_config_fpu_vfp                   0x0800bca3   Thumb Code     0  fpinit.o(x$fpl$fpinit)
    __fplib_config_pureend_doubles           0x0800bca3   Thumb Code     0  fpinit.o(x$fpl$fpinit)
    __fpl_fretinf                            0x0800bca5   Thumb Code    10  fretinf.o(x$fpl$fretinf)
    __fpl_return_NaN                         0x0800bcaf   Thumb Code   100  retnan.o(x$fpl$retnan)
    __ARM_scalbn                             0x0800bd13   Thumb Code    92  scalbn.o(x$fpl$scalbn)
    __fpl_cmpreturn                          0x0800bd6f   Thumb Code    48  trapv.o(x$fpl$trapveneer)
    __I$use$fp                               0x0800bd9e   Number         0  usenofp.o(x$fpl$usenofp)
    Chassis_Move_attributes                  0x0800bda0   Data          36  freertos.o(.constdata)
    Line_Update_attributes                   0x0800bdc4   Data          36  freertos.o(.constdata)
    Arm_Move_Basic_attributes                0x0800bde8   Data          36  freertos.o(.constdata)
    Arm_Move_Contro_attributes               0x0800be0c   Data          36  freertos.o(.constdata)
    AHBPrescTable                            0x0800be30   Data          16  system_stm32f4xx.o(.constdata)
    APBPrescTable                            0x0800be40   Data           8  system_stm32f4xx.o(.constdata)
    __mathlib_zero                           0x0800bfe8   Data           8  qnan.o(.constdata)
    Region$$Table$$Base                      0x0800c11c   Number         0  anon$$obj.o(Region$$Table)
    Region$$Table$$Limit                     0x0800c13c   Number         0  anon$$obj.o(Region$$Table)
    Chassis_MoveHandle                       0x20000000   Data           4  freertos.o(.data)
    Line_UpdateHandle                        0x20000004   Data           4  freertos.o(.data)
    Arm_Move_BasicHandle                     0x20000008   Data           4  freertos.o(.data)
    Arm_Move_ControHandle                    0x2000000c   Data           4  freertos.o(.data)
    uwTick                                   0x20000010   Data           4  stm32f4xx_hal.o(.data)
    uwTickPrio                               0x20000014   Data           4  stm32f4xx_hal.o(.data)
    uwTickFreq                               0x20000018   Data           1  stm32f4xx_hal.o(.data)
    SystemCoreClock                          0x2000001c   Data           4  system_stm32f4xx.o(.data)
    pxCurrentTCB                             0x20000020   Data           4  tasks.o(.data)
    can_Sendbuf_3508                         0x200003a4   Data           8  rm2006.o(.data)
    Sence_Rx_Buffer                          0x200003ac   Data           8  my_task.o(.data)
    operation_code                           0x200003b4   Data           1  my_task.o(.data)
    Servo_Angle                              0x200003b8   Data           4  my_task.o(.data)
    Fr_Line                                  0x20000488   Data          64  line_bsp.o(.data)
    Bk_Line                                  0x200004c8   Data          64  line_bsp.o(.data)
    Lt_Line                                  0x20000508   Data          64  line_bsp.o(.data)
    Rt_Line                                  0x20000548   Data          64  line_bsp.o(.data)
    Fr_Handle                                0x20000588   Data           4  line_bsp.o(.data)
    Bk_Handle                                0x2000058c   Data           4  line_bsp.o(.data)
    Lt_Handle                                0x20000590   Data           4  line_bsp.o(.data)
    Rt_Handle                                0x20000594   Data           4  line_bsp.o(.data)
    Arm_Ctrl_Info                            0x20000598   Data          36  arm_move_bsp.o(.data)
    theta_0                                  0x200005bc   Data          16  arm_move_bsp.o(.data)
    Arm_Order_Info                           0x200005cc   Data           8  arm_move_bsp.o(.data)
    Arm_Locus_Info                           0x200005d4   Data          60  arm_move_bsp.o(.data)
    hcan1                                    0x20000610   Data          40  can.o(.bss)
    huart4                                   0x20000638   Data          68  usart.o(.bss)
    huart5                                   0x2000067c   Data          68  usart.o(.bss)
    huart1                                   0x200006c0   Data          68  usart.o(.bss)
    huart6                                   0x20000704   Data          68  usart.o(.bss)
    htim14                                   0x20000748   Data          72  stm32f4xx_hal_timebase_tim.o(.bss)
    xQueueRegistry                           0x20000790   Data          64  queue.o(.bss)
    uart5SendBuf                             0x20005064   Data         501  mechanical_arm_uart.o(.bss)
    uart5RecvBuf                             0x20005259   Data         501  mechanical_arm_uart.o(.bss)
    uart5SendRingBuf                         0x20005450   Data          12  mechanical_arm_uart.o(.bss)
    uart5RecvRingBuf                         0x2000545c   Data          12  mechanical_arm_uart.o(.bss)
    uart5                                    0x20005468   Data          12  mechanical_arm_uart.o(.bss)
    M2006_Feedback_Buf                       0x200054bc   Data          48  rm2006.o(.bss)
    M2006_Pos                                0x200054ec   Data          32  rm2006.o(.bss)
    Uart_Rx_Buffer                           0x2000554c   Data          10  my_task.o(.bss)
    Wheel_Info                               0x20005558   Data          48  chassis_bsp.o(.bss)
    Move_Info                                0x20005588   Data          24  chassis_bsp.o(.bss)
    Task_Info                                0x200055a0   Data          12  chassis_bsp.o(.bss)
    Arm_Theta_Info                           0x200055ac   Data          20  arm_move_bsp.o(.bss)
    __libspace_start                         0x200055c0   Data          96  libspace.o(.bss)
    __temporary_stack_top$libspace           0x20005620   Data           0  libspace.o(.bss)



==============================================================================

Memory Map of the image

  Image Entry point : 0x08000189

  Load Region LR_IROM1 (Base: 0x08000000, Size: 0x0000c74c, Max: 0x00080000, ABSOLUTE, COMPRESSED[0x0000c29c])

    Execution Region ER_IROM1 (Exec base: 0x08000000, Load base: 0x08000000, Size: 0x0000c13c, Max: 0x00080000, ABSOLUTE)

    Exec Addr    Load Addr    Size         Type   Attr      Idx    E Section Name        Object

    0x08000000   0x08000000   0x00000188   Data   RO            3    RESET               startup_stm32f407xx.o
    0x08000188   0x08000188   0x00000008   Code   RO         6158  * !!!main             c_w.l(__main.o)
    0x08000190   0x08000190   0x00000034   Code   RO         6562    !!!scatter          c_w.l(__scatter.o)
    0x080001c4   0x080001c4   0x0000005a   Code   RO         6560    !!dczerorl2         c_w.l(__dczerorl2.o)
    0x0800021e   0x0800021e   0x00000002   PAD
    0x08000220   0x08000220   0x0000001c   Code   RO         6564    !!handler_zi        c_w.l(__scatter_zi.o)
    0x0800023c   0x0800023c   0x00000002   Code   RO         6495    .ARM.Collect$$libinit$$00000000  c_w.l(libinit.o)
    0x0800023e   0x0800023e   0x00000004   Code   RO         6300    .ARM.Collect$$libinit$$00000001  c_w.l(libinit2.o)
    0x08000242   0x08000242   0x00000000   Code   RO         6303    .ARM.Collect$$libinit$$00000004  c_w.l(libinit2.o)
    0x08000242   0x08000242   0x00000000   Code   RO         6306    .ARM.Collect$$libinit$$0000000A  c_w.l(libinit2.o)
    0x08000242   0x08000242   0x00000000   Code   RO         6308    .ARM.Collect$$libinit$$0000000C  c_w.l(libinit2.o)
    0x08000242   0x08000242   0x00000000   Code   RO         6310    .ARM.Collect$$libinit$$0000000E  c_w.l(libinit2.o)
    0x08000242   0x08000242   0x00000000   Code   RO         6313    .ARM.Collect$$libinit$$00000011  c_w.l(libinit2.o)
    0x08000242   0x08000242   0x00000000   Code   RO         6315    .ARM.Collect$$libinit$$00000013  c_w.l(libinit2.o)
    0x08000242   0x08000242   0x00000000   Code   RO         6317    .ARM.Collect$$libinit$$00000015  c_w.l(libinit2.o)
    0x08000242   0x08000242   0x00000000   Code   RO         6319    .ARM.Collect$$libinit$$00000017  c_w.l(libinit2.o)
    0x08000242   0x08000242   0x00000000   Code   RO         6321    .ARM.Collect$$libinit$$00000019  c_w.l(libinit2.o)
    0x08000242   0x08000242   0x00000000   Code   RO         6323    .ARM.Collect$$libinit$$0000001B  c_w.l(libinit2.o)
    0x08000242   0x08000242   0x00000000   Code   RO         6325    .ARM.Collect$$libinit$$0000001D  c_w.l(libinit2.o)
    0x08000242   0x08000242   0x00000000   Code   RO         6327    .ARM.Collect$$libinit$$0000001F  c_w.l(libinit2.o)
    0x08000242   0x08000242   0x00000000   Code   RO         6329    .ARM.Collect$$libinit$$00000021  c_w.l(libinit2.o)
    0x08000242   0x08000242   0x00000000   Code   RO         6331    .ARM.Collect$$libinit$$00000023  c_w.l(libinit2.o)
    0x08000242   0x08000242   0x00000000   Code   RO         6333    .ARM.Collect$$libinit$$00000025  c_w.l(libinit2.o)
    0x08000242   0x08000242   0x00000000   Code   RO         6337    .ARM.Collect$$libinit$$0000002C  c_w.l(libinit2.o)
    0x08000242   0x08000242   0x00000000   Code   RO         6339    .ARM.Collect$$libinit$$0000002E  c_w.l(libinit2.o)
    0x08000242   0x08000242   0x00000000   Code   RO         6341    .ARM.Collect$$libinit$$00000030  c_w.l(libinit2.o)
    0x08000242   0x08000242   0x00000000   Code   RO         6343    .ARM.Collect$$libinit$$00000032  c_w.l(libinit2.o)
    0x08000242   0x08000242   0x00000002   Code   RO         6344    .ARM.Collect$$libinit$$00000033  c_w.l(libinit2.o)
    0x08000244   0x08000244   0x00000002   Code   RO         6557    .ARM.Collect$$libshutdown$$00000000  c_w.l(libshutdown.o)
    0x08000246   0x08000246   0x00000000   Code   RO         6513    .ARM.Collect$$libshutdown$$00000002  c_w.l(libshutdown2.o)
    0x08000246   0x08000246   0x00000000   Code   RO         6515    .ARM.Collect$$libshutdown$$00000004  c_w.l(libshutdown2.o)
    0x08000246   0x08000246   0x00000000   Code   RO         6518    .ARM.Collect$$libshutdown$$00000007  c_w.l(libshutdown2.o)
    0x08000246   0x08000246   0x00000000   Code   RO         6521    .ARM.Collect$$libshutdown$$0000000A  c_w.l(libshutdown2.o)
    0x08000246   0x08000246   0x00000000   Code   RO         6523    .ARM.Collect$$libshutdown$$0000000C  c_w.l(libshutdown2.o)
    0x08000246   0x08000246   0x00000000   Code   RO         6526    .ARM.Collect$$libshutdown$$0000000F  c_w.l(libshutdown2.o)
    0x08000246   0x08000246   0x00000002   Code   RO         6527    .ARM.Collect$$libshutdown$$00000010  c_w.l(libshutdown2.o)
    0x08000248   0x08000248   0x00000000   Code   RO         6264    .ARM.Collect$$rtentry$$00000000  c_w.l(__rtentry.o)
    0x08000248   0x08000248   0x00000000   Code   RO         6423    .ARM.Collect$$rtentry$$00000002  c_w.l(__rtentry2.o)
    0x08000248   0x08000248   0x00000006   Code   RO         6435    .ARM.Collect$$rtentry$$00000004  c_w.l(__rtentry4.o)
    0x0800024e   0x0800024e   0x00000000   Code   RO         6425    .ARM.Collect$$rtentry$$00000009  c_w.l(__rtentry2.o)
    0x0800024e   0x0800024e   0x00000004   Code   RO         6426    .ARM.Collect$$rtentry$$0000000A  c_w.l(__rtentry2.o)
    0x08000252   0x08000252   0x00000000   Code   RO         6428    .ARM.Collect$$rtentry$$0000000C  c_w.l(__rtentry2.o)
    0x08000252   0x08000252   0x00000008   Code   RO         6429    .ARM.Collect$$rtentry$$0000000D  c_w.l(__rtentry2.o)
    0x0800025a   0x0800025a   0x00000002   Code   RO         6500    .ARM.Collect$$rtexit$$00000000  c_w.l(rtexit.o)
    0x0800025c   0x0800025c   0x00000000   Code   RO         6533    .ARM.Collect$$rtexit$$00000002  c_w.l(rtexit2.o)
    0x0800025c   0x0800025c   0x00000004   Code   RO         6534    .ARM.Collect$$rtexit$$00000003  c_w.l(rtexit2.o)
    0x08000260   0x08000260   0x00000006   Code   RO         6535    .ARM.Collect$$rtexit$$00000004  c_w.l(rtexit2.o)
    0x08000266   0x08000266   0x00000002   PAD
    0x08000268   0x08000268   0x000000be   Code   RO         5126    .emb_text           port.o
    0x08000326   0x08000326   0x00000002   PAD
    0x08000328   0x08000328   0x00000040   Code   RO            4    .text               startup_stm32f407xx.o
    0x08000368   0x08000368   0x000000ee   Code   RO         6144    .text               c_w.l(lludivv7m.o)
    0x08000456   0x08000456   0x0000008a   Code   RO         6146    .text               c_w.l(rt_memcpy_v6.o)
    0x080004e0   0x080004e0   0x00000064   Code   RO         6148    .text               c_w.l(rt_memcpy_w.o)
    0x08000544   0x08000544   0x00000010   Code   RO         6152    .text               c_w.l(aeabi_memset.o)
    0x08000554   0x08000554   0x0000004e   Code   RO         6154    .text               c_w.l(rt_memclr_w.o)
    0x080005a2   0x080005a2   0x00000006   Code   RO         6156    .text               c_w.l(heapauxi.o)
    0x080005a8   0x080005a8   0x00000016   Code   RO         6294    .text               c_w.l(_rserrno.o)
    0x080005be   0x080005be   0x00000044   Code   RO         6296    .text               c_w.l(rt_memclr.o)
    0x08000602   0x08000602   0x00000002   PAD
    0x08000604   0x08000604   0x00000008   Code   RO         6419    .text               c_w.l(libspace.o)
    0x0800060c   0x0800060c   0x00000008   Code   RO         6442    .text               c_w.l(rt_errno_addr_intlibspace.o)
    0x08000614   0x08000614   0x00000002   Code   RO         6467    .text               c_w.l(use_no_semi.o)
    0x08000616   0x08000616   0x00000000   Code   RO         6469    .text               c_w.l(indicate_semi.o)
    0x08000616   0x08000616   0x0000004a   Code   RO         6470    .text               c_w.l(sys_stackheap_outer.o)
    0x08000660   0x08000660   0x00000012   Code   RO         6476    .text               c_w.l(exit.o)
    0x08000672   0x08000672   0x00000002   PAD
    0x08000674   0x08000674   0x0000000c   Code   RO         6498    .text               c_w.l(sys_exit.o)
    0x08000680   0x08000680   0x00000014   Code   RO         5866    i.Arm_Invesal       arm_move_bsp.o
    0x08000694   0x08000694   0x0000004c   Code   RO         5867    i.Arm_Move_Back     arm_move_bsp.o
    0x080006e0   0x080006e0   0x0000009c   Code   RO         5592    i.Arm_Move_Base     my_task.o
    0x0800077c   0x0800077c   0x00000024   Code   RO         5593    i.Arm_Move_Ctrl     my_task.o
    0x080007a0   0x080007a0   0x0000006c   Code   RO         5868    i.Arm_Move_Front    arm_move_bsp.o
    0x0800080c   0x0800080c   0x0000001c   Code   RO         5869    i.Arm_Move_Init     arm_move_bsp.o
    0x08000828   0x08000828   0x000002a4   Code   RO         5870    i.Arm_Move_Inner    arm_move_bsp.o
    0x08000acc   0x08000acc   0x00000fa0   Code   RO         5871    i.Arm_Move_Outer    arm_move_bsp.o
    0x08001a6c   0x08001a6c   0x00000078   Code   RO         5872    i.Arm_Move_Path     arm_move_bsp.o
    0x08001ae4   0x08001ae4   0x0000006c   Code   RO         5874    i.Arm_Move_Transition_B  arm_move_bsp.o
    0x08001b50   0x08001b50   0x0000006c   Code   RO         5875    i.Arm_Move_Transition_F  arm_move_bsp.o
    0x08001bbc   0x08001bbc   0x00000004   Code   RO          436    i.BusFault_Handler  stm32f4xx_it.o
    0x08001bc0   0x08001bc0   0x00000010   Code   RO          437    i.CAN1_RX0_IRQHandler  stm32f4xx_it.o
    0x08001bd0   0x08001bd0   0x00000010   Code   RO          438    i.CAN1_SCE_IRQHandler  stm32f4xx_it.o
    0x08001be0   0x08001be0   0x00000058   Code   RO         5206    i.CAN_Init          can_bsp.o
    0x08001c38   0x08001c38   0x00000060   Code   RO         5647    i.Chassis_Info_Init  chassis_bsp.o
    0x08001c98   0x08001c98   0x00000064   Code   RO         5594    i.Chassis_Run       my_task.o
    0x08001cfc   0x08001cfc   0x0000011c   Code   RO         5648    i.Clamp_The_Upper_Material  chassis_bsp.o
    0x08001e18   0x08001e18   0x00000134   Code   RO         5649    i.Clamp_The_lower_Material  chassis_bsp.o
    0x08001f4c   0x08001f4c   0x00000062   Code   RO         5466    i.DJI_CAN_Send_Data  rm2006.o
    0x08001fae   0x08001fae   0x00000002   Code   RO          439    i.DebugMon_Handler  stm32f4xx_it.o
    0x08001fb0   0x08001fb0   0x000000c8   Code   RO         5650    i.Direction_Rotation  chassis_bsp.o
    0x08002078   0x08002078   0x0000001c   Code   RO         5833    i.Emptying_Triggered  line_bsp.o
    0x08002094   0x08002094   0x00000006   Code   RO           13    i.Error_Handler     main.o
    0x0800209a   0x0800209a   0x0000003a   Code   RO         5957    i.FSUS_Package2RingBuffer  fashion_star_uart_servo.o
    0x080020d4   0x080020d4   0x00000044   Code   RO         5959    i.FSUS_SendPackage  fashion_star_uart_servo.o
    0x08002118   0x08002118   0x000000a8   Code   RO         5960    i.FSUS_SetServoAngle  fashion_star_uart_servo.o
    0x080021c0   0x080021c0   0x0000002a   Code   RO          594    i.HAL_CAN_ActivateNotification  stm32f4xx_hal_can.o
    0x080021ea   0x080021ea   0x00000156   Code   RO          595    i.HAL_CAN_AddTxMessage  stm32f4xx_hal_can.o
    0x08002340   0x08002340   0x00000124   Code   RO          596    i.HAL_CAN_ConfigFilter  stm32f4xx_hal_can.o
    0x08002464   0x08002464   0x00000002   Code   RO          599    i.HAL_CAN_ErrorCallback  stm32f4xx_hal_can.o
    0x08002466   0x08002466   0x0000017a   Code   RO          602    i.HAL_CAN_GetRxMessage  stm32f4xx_hal_can.o
    0x080025e0   0x080025e0   0x00000036   Code   RO          604    i.HAL_CAN_GetTxMailboxesFreeLevel  stm32f4xx_hal_can.o
    0x08002616   0x08002616   0x0000024e   Code   RO          606    i.HAL_CAN_IRQHandler  stm32f4xx_hal_can.o
    0x08002864   0x08002864   0x00000174   Code   RO          607    i.HAL_CAN_Init      stm32f4xx_hal_can.o
    0x080029d8   0x080029d8   0x000000a8   Code   RO          335    i.HAL_CAN_MspInit   can.o
    0x08002a80   0x08002a80   0x00000002   Code   RO          614    i.HAL_CAN_RxFifo0FullCallback  stm32f4xx_hal_can.o
    0x08002a82   0x08002a82   0x00000002   PAD
    0x08002a84   0x08002a84   0x00000034   Code   RO         5558    i.HAL_CAN_RxFifo0MsgPendingCallback  callback.o
    0x08002ab8   0x08002ab8   0x00000002   Code   RO          616    i.HAL_CAN_RxFifo1FullCallback  stm32f4xx_hal_can.o
    0x08002aba   0x08002aba   0x00000002   Code   RO          617    i.HAL_CAN_RxFifo1MsgPendingCallback  stm32f4xx_hal_can.o
    0x08002abc   0x08002abc   0x00000002   Code   RO          618    i.HAL_CAN_SleepCallback  stm32f4xx_hal_can.o
    0x08002abe   0x08002abe   0x0000005e   Code   RO          619    i.HAL_CAN_Start     stm32f4xx_hal_can.o
    0x08002b1c   0x08002b1c   0x00000002   Code   RO          621    i.HAL_CAN_TxMailbox0AbortCallback  stm32f4xx_hal_can.o
    0x08002b1e   0x08002b1e   0x00000002   Code   RO          622    i.HAL_CAN_TxMailbox0CompleteCallback  stm32f4xx_hal_can.o
    0x08002b20   0x08002b20   0x00000002   Code   RO          623    i.HAL_CAN_TxMailbox1AbortCallback  stm32f4xx_hal_can.o
    0x08002b22   0x08002b22   0x00000002   Code   RO          624    i.HAL_CAN_TxMailbox1CompleteCallback  stm32f4xx_hal_can.o
    0x08002b24   0x08002b24   0x00000002   Code   RO          625    i.HAL_CAN_TxMailbox2AbortCallback  stm32f4xx_hal_can.o
    0x08002b26   0x08002b26   0x00000002   Code   RO          626    i.HAL_CAN_TxMailbox2CompleteCallback  stm32f4xx_hal_can.o
    0x08002b28   0x08002b28   0x00000002   Code   RO          628    i.HAL_CAN_WakeUpFromRxMsgCallback  stm32f4xx_hal_can.o
    0x08002b2a   0x08002b2a   0x000000ac   Code   RO         1334    i.HAL_DMA_Abort     stm32f4xx_hal_dma.o
    0x08002bd6   0x08002bd6   0x00000028   Code   RO         1335    i.HAL_DMA_Abort_IT  stm32f4xx_hal_dma.o
    0x08002bfe   0x08002bfe   0x00000002   PAD
    0x08002c00   0x08002c00   0x00000028   Code   RO         1758    i.HAL_Delay         stm32f4xx_hal.o
    0x08002c28   0x08002c28   0x000001f4   Code   RO         1227    i.HAL_GPIO_Init     stm32f4xx_hal_gpio.o
    0x08002e1c   0x08002e1c   0x00000010   Code   RO         1229    i.HAL_GPIO_ReadPin  stm32f4xx_hal_gpio.o
    0x08002e2c   0x08002e2c   0x0000000c   Code   RO         1231    i.HAL_GPIO_WritePin  stm32f4xx_hal_gpio.o
    0x08002e38   0x08002e38   0x0000000c   Code   RO         1764    i.HAL_GetTick       stm32f4xx_hal.o
    0x08002e44   0x08002e44   0x00000018   Code   RO         1770    i.HAL_IncTick       stm32f4xx_hal.o
    0x08002e5c   0x08002e5c   0x0000003c   Code   RO         1771    i.HAL_Init          stm32f4xx_hal.o
    0x08002e98   0x08002e98   0x0000008c   Code   RO          554    i.HAL_InitTick      stm32f4xx_hal_timebase_tim.o
    0x08002f24   0x08002f24   0x00000054   Code   RO          530    i.HAL_MspInit       stm32f4xx_hal_msp.o
    0x08002f78   0x08002f78   0x00000020   Code   RO         1616    i.HAL_NVIC_EnableIRQ  stm32f4xx_hal_cortex.o
    0x08002f98   0x08002f98   0x0000007c   Code   RO         1622    i.HAL_NVIC_SetPriority  stm32f4xx_hal_cortex.o
    0x08003014   0x08003014   0x00000028   Code   RO         1623    i.HAL_NVIC_SetPriorityGrouping  stm32f4xx_hal_cortex.o
    0x0800303c   0x0800303c   0x00000184   Code   RO          828    i.HAL_RCC_ClockConfig  stm32f4xx_hal_rcc.o
    0x080031c0   0x080031c0   0x00000044   Code   RO          832    i.HAL_RCC_GetClockConfig  stm32f4xx_hal_rcc.o
    0x08003204   0x08003204   0x0000000c   Code   RO          833    i.HAL_RCC_GetHCLKFreq  stm32f4xx_hal_rcc.o
    0x08003210   0x08003210   0x00000020   Code   RO          835    i.HAL_RCC_GetPCLK1Freq  stm32f4xx_hal_rcc.o
    0x08003230   0x08003230   0x00000020   Code   RO          836    i.HAL_RCC_GetPCLK2Freq  stm32f4xx_hal_rcc.o
    0x08003250   0x08003250   0x000000b0   Code   RO          837    i.HAL_RCC_GetSysClockFreq  stm32f4xx_hal_rcc.o
    0x08003300   0x08003300   0x0000049c   Code   RO          840    i.HAL_RCC_OscConfig  stm32f4xx_hal_rcc.o
    0x0800379c   0x0800379c   0x00000002   Code   RO         2726    i.HAL_TIMEx_BreakCallback  stm32f4xx_hal_tim_ex.o
    0x0800379e   0x0800379e   0x00000002   Code   RO         2727    i.HAL_TIMEx_CommutCallback  stm32f4xx_hal_tim_ex.o
    0x080037a0   0x080037a0   0x00000066   Code   RO         2011    i.HAL_TIM_Base_Init  stm32f4xx_hal_tim.o
    0x08003806   0x08003806   0x00000002   Code   RO         2013    i.HAL_TIM_Base_MspInit  stm32f4xx_hal_tim.o
    0x08003808   0x08003808   0x000000a8   Code   RO         2016    i.HAL_TIM_Base_Start_IT  stm32f4xx_hal_tim.o
    0x080038b0   0x080038b0   0x00000002   Code   RO         2045    i.HAL_TIM_IC_CaptureCallback  stm32f4xx_hal_tim.o
    0x080038b2   0x080038b2   0x00000196   Code   RO         2059    i.HAL_TIM_IRQHandler  stm32f4xx_hal_tim.o
    0x08003a48   0x08003a48   0x00000002   Code   RO         2062    i.HAL_TIM_OC_DelayElapsedCallback  stm32f4xx_hal_tim.o
    0x08003a4a   0x08003a4a   0x00000002   Code   RO         2089    i.HAL_TIM_PWM_PulseFinishedCallback  stm32f4xx_hal_tim.o
    0x08003a4c   0x08003a4c   0x00000018   Code   RO           14    i.HAL_TIM_PeriodElapsedCallback  main.o
    0x08003a64   0x08003a64   0x00000002   Code   RO         2102    i.HAL_TIM_TriggerCallback  stm32f4xx_hal_tim.o
    0x08003a66   0x08003a66   0x00000002   Code   RO         3004    i.HAL_UARTEx_RxEventCallback  stm32f4xx_hal_uart.o
    0x08003a68   0x08003a68   0x00000002   Code   RO         3018    i.HAL_UART_ErrorCallback  stm32f4xx_hal_uart.o
    0x08003a6a   0x08003a6a   0x00000002   PAD
    0x08003a6c   0x08003a6c   0x000002e0   Code   RO         3021    i.HAL_UART_IRQHandler  stm32f4xx_hal_uart.o
    0x08003d4c   0x08003d4c   0x00000072   Code   RO         3022    i.HAL_UART_Init     stm32f4xx_hal_uart.o
    0x08003dbe   0x08003dbe   0x00000002   PAD
    0x08003dc0   0x08003dc0   0x00000250   Code   RO          377    i.HAL_UART_MspInit  usart.o
    0x08004010   0x08004010   0x00000042   Code   RO         3027    i.HAL_UART_Receive_IT  stm32f4xx_hal_uart.o
    0x08004052   0x08004052   0x00000002   PAD
    0x08004054   0x08004054   0x00000110   Code   RO         5559    i.HAL_UART_RxCpltCallback  callback.o
    0x08004164   0x08004164   0x000000d2   Code   RO         3030    i.HAL_UART_Transmit  stm32f4xx_hal_uart.o
    0x08004236   0x08004236   0x00000002   Code   RO         3033    i.HAL_UART_TxCpltCallback  stm32f4xx_hal_uart.o
    0x08004238   0x08004238   0x00000004   Code   RO          440    i.HardFault_Handler  stm32f4xx_it.o
    0x0800423c   0x0800423c   0x00000560   Code   RO         5877    i.Inverse_Kinematic  arm_move_bsp.o
    0x0800479c   0x0800479c   0x00000204   Code   RO         5651    i.Line_Patrol_VX    chassis_bsp.o
    0x080049a0   0x080049a0   0x00000204   Code   RO         5652    i.Line_Patrol_VY    chassis_bsp.o
    0x08004ba4   0x08004ba4   0x000002b4   Code   RO         5595    i.Line_Refresh      my_task.o
    0x08004e58   0x08004e58   0x0000003c   Code   RO         5468    i.M2006_Get_Feedback  rm2006.o
    0x08004e94   0x08004e94   0x0000006c   Code   RO         5470    i.M2006_Get_Speed   rm2006.o
    0x08004f00   0x08004f00   0x00000058   Code   RO         5471    i.M2006_Set_I       rm2006.o
    0x08004f58   0x08004f58   0x00000220   Code   RO         5473    i.M2006_Set_Speed   rm2006.o
    0x08005178   0x08005178   0x00000044   Code   RO          336    i.MX_CAN1_Init      can.o
    0x080051bc   0x080051bc   0x0000006c   Code   RO          277    i.MX_FREERTOS_Init  freertos.o
    0x08005228   0x08005228   0x0000018c   Code   RO          249    i.MX_GPIO_Init      gpio.o
    0x080053b4   0x080053b4   0x00000038   Code   RO          378    i.MX_UART4_Init     usart.o
    0x080053ec   0x080053ec   0x00000038   Code   RO          379    i.MX_UART5_Init     usart.o
    0x08005424   0x08005424   0x00000038   Code   RO          380    i.MX_USART1_UART_Init  usart.o
    0x0800545c   0x0800545c   0x00000038   Code   RO          381    i.MX_USART6_UART_Init  usart.o
    0x08005494   0x08005494   0x00000004   Code   RO          441    i.MemManage_Handler  stm32f4xx_it.o
    0x08005498   0x08005498   0x0000006c   Code   RO         5653    i.Move_Status_Free  chassis_bsp.o
    0x08005504   0x08005504   0x00000188   Code   RO         5654    i.Move_Status_NewTask  chassis_bsp.o
    0x0800568c   0x0800568c   0x00000038   Code   RO         5655    i.Move_Status_calibration  chassis_bsp.o
    0x080056c4   0x080056c4   0x00000004   Code   RO          442    i.NMI_Handler       stm32f4xx_it.o
    0x080056c8   0x080056c8   0x00000220   Code   RO         5656    i.Position_Calibration  chassis_bsp.o
    0x080058e8   0x080058e8   0x00000178   Code   RO         5657    i.Positive_Direction_Calibration  chassis_bsp.o
    0x08005a60   0x08005a60   0x00000138   Code   RO         5658    i.Product_Area_Lower  chassis_bsp.o
    0x08005b98   0x08005b98   0x00000138   Code   RO         5659    i.Product_Area_Upper  chassis_bsp.o
    0x08005cd0   0x08005cd0   0x00000018   Code   RO         5596    i.Program_Init      my_task.o
    0x08005ce8   0x08005ce8   0x00000018   Code   RO         5297    i.RingBuffer_GetByteFree  ring_buffer.o
    0x08005d00   0x08005d00   0x0000002a   Code   RO         5298    i.RingBuffer_GetByteUsed  ring_buffer.o
    0x08005d2a   0x08005d2a   0x0000000a   Code   RO         5299    i.RingBuffer_GetCapacity  ring_buffer.o
    0x08005d34   0x08005d34   0x00000028   Code   RO         5300    i.RingBuffer_GetChecksum  ring_buffer.o
    0x08005d5c   0x08005d5c   0x0000002c   Code   RO         5301    i.RingBuffer_GetValueByIndex  ring_buffer.o
    0x08005d88   0x08005d88   0x00000026   Code   RO         5302    i.RingBuffer_Init   ring_buffer.o
    0x08005dae   0x08005dae   0x0000001e   Code   RO         5303    i.RingBuffer_IsEmpty  ring_buffer.o
    0x08005dcc   0x08005dcc   0x00000014   Code   RO         5304    i.RingBuffer_IsFull  ring_buffer.o
    0x08005de0   0x08005de0   0x00000032   Code   RO         5305    i.RingBuffer_Pop    ring_buffer.o
    0x08005e12   0x08005e12   0x0000002c   Code   RO         5306    i.RingBuffer_Push   ring_buffer.o
    0x08005e3e   0x08005e3e   0x00000008   Code   RO         5314    i.RingBuffer_Reset  ring_buffer.o
    0x08005e46   0x08005e46   0x00000010   Code   RO         5315    i.RingBuffer_WriteByte  ring_buffer.o
    0x08005e56   0x08005e56   0x0000001e   Code   RO         5316    i.RingBuffer_WriteByteArray  ring_buffer.o
    0x08005e74   0x08005e74   0x00000012   Code   RO         5319    i.RingBuffer_WriteShort  ring_buffer.o
    0x08005e86   0x08005e86   0x00000012   Code   RO         5321    i.RingBuffer_WriteUShort  ring_buffer.o
    0x08005e98   0x08005e98   0x00000094   Code   RO         5660    i.Rotating_Line_Patrol  chassis_bsp.o
    0x08005f2c   0x08005f2c   0x00000188   Code   RO         5661    i.Rough_Machining_Lower  chassis_bsp.o
    0x080060b4   0x080060b4   0x00000188   Code   RO         5662    i.Rough_Machining_Upper  chassis_bsp.o
    0x0800623c   0x0800623c   0x000000bc   Code   RO         5663    i.Run_Into_End      chassis_bsp.o
    0x080062f8   0x080062f8   0x0000004c   Code   RO         5664    i.Run_To_End        chassis_bsp.o
    0x08006344   0x08006344   0x0000006c   Code   RO         5665    i.Run_To_Processing  chassis_bsp.o
    0x080063b0   0x080063b0   0x0000008c   Code   RO         5666    i.Run_To_Product_Area  chassis_bsp.o
    0x0800643c   0x0800643c   0x00000088   Code   RO         5667    i.Run_To_stock      chassis_bsp.o
    0x080064c4   0x080064c4   0x000000dc   Code   RO         5668    i.Scan_Qr_Code      chassis_bsp.o
    0x080065a0   0x080065a0   0x000000c0   Code   RO         5669    i.Speed_Robot_Coordinate  chassis_bsp.o
    0x08006660   0x08006660   0x00000016   Code   RO         4541    i.SysTick_Handler   cmsis_os2.o
    0x08006676   0x08006676   0x00000002   PAD
    0x08006678   0x08006678   0x000000b4   Code   RO           15    i.SystemClock_Config  main.o
    0x0800672c   0x0800672c   0x00000014   Code   RO         3361    i.SystemInit        system_stm32f4xx.o
    0x08006740   0x08006740   0x00000010   Code   RO          443    i.TIM8_TRG_COM_TIM14_IRQHandler  stm32f4xx_it.o
    0x08006750   0x08006750   0x000000d8   Code   RO         2104    i.TIM_Base_SetConfig  stm32f4xx_hal_tim.o
    0x08006828   0x08006828   0x00000010   Code   RO          444    i.UART4_IRQHandler  stm32f4xx_it.o
    0x08006838   0x08006838   0x00000014   Code   RO         3035    i.UART_DMAAbortOnError  stm32f4xx_hal_uart.o
    0x0800684c   0x0800684c   0x0000006c   Code   RO         3045    i.UART_EndRxTransfer  stm32f4xx_hal_uart.o
    0x080068b8   0x080068b8   0x00000020   Code   RO         3046    i.UART_EndTransmit_IT  stm32f4xx_hal_uart.o
    0x080068d8   0x080068d8   0x000000f8   Code   RO         3048    i.UART_Receive_IT   stm32f4xx_hal_uart.o
    0x080069d0   0x080069d0   0x0000022c   Code   RO         3049    i.UART_SetConfig    stm32f4xx_hal_uart.o
    0x08006bfc   0x08006bfc   0x0000004a   Code   RO         3051    i.UART_Start_Receive_IT  stm32f4xx_hal_uart.o
    0x08006c46   0x08006c46   0x00000060   Code   RO         3052    i.UART_Transmit_IT  stm32f4xx_hal_uart.o
    0x08006ca6   0x08006ca6   0x00000092   Code   RO         3053    i.UART_WaitOnFlagUntilTimeout  stm32f4xx_hal_uart.o
    0x08006d38   0x08006d38   0x00000010   Code   RO          445    i.USART1_IRQHandler  stm32f4xx_it.o
    0x08006d48   0x08006d48   0x00000010   Code   RO          446    i.USART6_IRQHandler  stm32f4xx_it.o
    0x08006d58   0x08006d58   0x00000004   Code   RO          447    i.UsageFault_Handler  stm32f4xx_it.o
    0x08006d5c   0x08006d5c   0x00000044   Code   RO         5239    i.Usart_Init        mechanical_arm_uart.o
    0x08006da0   0x08006da0   0x00000060   Code   RO         5240    i.Usart_SendAll     mechanical_arm_uart.o
    0x08006e00   0x08006e00   0x000000cc   Code   RO         5670    i.Visual_Recognition  chassis_bsp.o
    0x08006ecc   0x08006ecc   0x00000074   Code   RO         5671    i.Wheels_Run        chassis_bsp.o
    0x08006f40   0x08006f40   0x00000030   Code   RO         6401    i.__ARM_fpclassify  m_wm.l(fpclassify.o)
    0x08006f70   0x08006f70   0x00000010   Code   RO         1629    i.__NVIC_GetPriorityGrouping  stm32f4xx_hal_cortex.o
    0x08006f80   0x08006f80   0x00000028   Code   RO         1630    i.__NVIC_SetPriority  stm32f4xx_hal_cortex.o
    0x08006fa8   0x08006fa8   0x00000006   Code   RO         4543    i.__get_IPSR        cmsis_os2.o
    0x08006fae   0x08006fae   0x00000002   PAD
    0x08006fb0   0x08006fb0   0x00000358   Code   RO         6186    i.__hardfp_acos     m_wm.l(acos.o)
    0x08007308   0x08007308   0x000002d8   Code   RO         6364    i.__hardfp_atan     m_wm.l(atan.o)
    0x080075e0   0x080075e0   0x000001f0   Code   RO         6200    i.__hardfp_atan2    m_wm.l(atan2.o)
    0x080077d0   0x080077d0   0x000000c8   Code   RO         6212    i.__hardfp_cos      m_wm.l(cos.o)
    0x08007898   0x08007898   0x00000c50   Code   RO         6224    i.__hardfp_pow      m_wm.l(pow.o)
    0x080084e8   0x080084e8   0x000000c8   Code   RO         6238    i.__hardfp_sin      m_wm.l(sin.o)
    0x080085b0   0x080085b0   0x0000007a   Code   RO         6250    i.__hardfp_sqrt     m_wm.l(sqrt.o)
    0x0800862a   0x0800862a   0x00000006   PAD
    0x08008630   0x08008630   0x00000438   Code   RO         6406    i.__ieee754_rem_pio2  m_wm.l(rred.o)
    0x08008a68   0x08008a68   0x00000170   Code   RO         6378    i.__kernel_cos      m_wm.l(cos_i.o)
    0x08008bd8   0x08008bd8   0x000000f8   Code   RO         6403    i.__kernel_poly     m_wm.l(poly.o)
    0x08008cd0   0x08008cd0   0x00000130   Code   RO         6411    i.__kernel_sin      m_wm.l(sin_i.o)
    0x08008e00   0x08008e00   0x00000030   Code   RO         6381    i.__mathlib_dbl_divzero  m_wm.l(dunder.o)
    0x08008e30   0x08008e30   0x00000014   Code   RO         6382    i.__mathlib_dbl_infnan  m_wm.l(dunder.o)
    0x08008e44   0x08008e44   0x00000014   Code   RO         6383    i.__mathlib_dbl_infnan2  m_wm.l(dunder.o)
    0x08008e58   0x08008e58   0x00000020   Code   RO         6384    i.__mathlib_dbl_invalid  m_wm.l(dunder.o)
    0x08008e78   0x08008e78   0x00000020   Code   RO         6385    i.__mathlib_dbl_overflow  m_wm.l(dunder.o)
    0x08008e98   0x08008e98   0x00000020   Code   RO         6387    i.__mathlib_dbl_underflow  m_wm.l(dunder.o)
    0x08008eb8   0x08008eb8   0x00000010   Code   RO         6366    i.atan              m_wm.l(atan.o)
    0x08008ec8   0x08008ec8   0x00000018   Code   RO         6397    i.fabs              m_wm.l(fabs.o)
    0x08008ee0   0x08008ee0   0x00000034   Code   RO           16    i.main              main.o
    0x08008f14   0x08008f14   0x0000001e   Code   RO         4544    i.osDelay           cmsis_os2.o
    0x08008f32   0x08008f32   0x00000002   PAD
    0x08008f34   0x08008f34   0x0000002c   Code   RO         4558    i.osKernelInitialize  cmsis_os2.o
    0x08008f60   0x08008f60   0x00000060   Code   RO         4561    i.osKernelStart     cmsis_os2.o
    0x08008fc0   0x08008fc0   0x000000b8   Code   RO         4603    i.osThreadNew       cmsis_os2.o
    0x08009078   0x08009078   0x000000a0   Code   RO         5475    i.pos_rec           rm2006.o
    0x08009118   0x08009118   0x0000007c   Code   RO         3978    i.prvAddCurrentTaskToDelayedList  tasks.o
    0x08009194   0x08009194   0x000000b8   Code   RO         3979    i.prvAddNewTaskToReadyList  tasks.o
    0x0800924c   0x0800924c   0x00000074   Code   RO         4354    i.prvCheckForValidListAndQueue  timers.o
    0x080092c0   0x080092c0   0x00000048   Code   RO         3980    i.prvCheckTasksWaitingTermination  tasks.o
    0x08009308   0x08009308   0x0000002a   Code   RO         3565    i.prvCopyDataFromQueue  queue.o
    0x08009332   0x08009332   0x0000007e   Code   RO         3566    i.prvCopyDataToQueue  queue.o
    0x080093b0   0x080093b0   0x00000050   Code   RO         3981    i.prvDeleteTCB      tasks.o
    0x08009400   0x08009400   0x00000028   Code   RO         4355    i.prvGetNextExpireTime  timers.o
    0x08009428   0x08009428   0x0000007c   Code   RO         5071    i.prvHeapInit       heap_4.o
    0x080094a4   0x080094a4   0x00000028   Code   RO         3982    i.prvIdleTask       tasks.o
    0x080094cc   0x080094cc   0x0000002a   Code   RO         3569    i.prvInitialiseNewQueue  queue.o
    0x080094f6   0x080094f6   0x000000be   Code   RO         3983    i.prvInitialiseNewTask  tasks.o
    0x080095b4   0x080095b4   0x00000068   Code   RO         3984    i.prvInitialiseTaskLists  tasks.o
    0x0800961c   0x0800961c   0x00000068   Code   RO         5072    i.prvInsertBlockIntoFreeList  heap_4.o
    0x08009684   0x08009684   0x00000058   Code   RO         4357    i.prvInsertTimerInActiveList  timers.o
    0x080096dc   0x080096dc   0x0000001a   Code   RO         3570    i.prvIsQueueEmpty   queue.o
    0x080096f6   0x080096f6   0x0000001e   Code   RO         3571    i.prvIsQueueFull    queue.o
    0x08009714   0x08009714   0x00000074   Code   RO         4358    i.prvProcessExpiredTimer  timers.o
    0x08009788   0x08009788   0x00000164   Code   RO         4359    i.prvProcessReceivedCommands  timers.o
    0x080098ec   0x080098ec   0x00000074   Code   RO         4360    i.prvProcessTimerOrBlockTask  timers.o
    0x08009960   0x08009960   0x00000034   Code   RO         3986    i.prvResetNextTaskUnblockTime  tasks.o
    0x08009994   0x08009994   0x0000002c   Code   RO         4361    i.prvSampleTimeNow  timers.o
    0x080099c0   0x080099c0   0x000000a4   Code   RO         4362    i.prvSwitchTimerLists  timers.o
    0x08009a64   0x08009a64   0x00000040   Code   RO         5127    i.prvTaskExitError  port.o
    0x08009aa4   0x08009aa4   0x0000001a   Code   RO         4363    i.prvTimerTask      timers.o
    0x08009abe   0x08009abe   0x0000007e   Code   RO         3572    i.prvUnlockQueue    queue.o
    0x08009b3c   0x08009b3c   0x0000014c   Code   RO         5073    i.pvPortMalloc      heap_4.o
    0x08009c88   0x08009c88   0x0000002c   Code   RO         5128    i.pxPortInitialiseStack  port.o
    0x08009cb4   0x08009cb4   0x0000006e   Code   RO         6252    i.sqrt              m_wm.l(sqrt.o)
    0x08009d22   0x08009d22   0x00000028   Code   RO         3525    i.uxListRemove      list.o
    0x08009d4a   0x08009d4a   0x00000002   PAD
    0x08009d4c   0x08009d4c   0x00000018   Code   RO         4615    i.vApplicationGetIdleTaskMemory  cmsis_os2.o
    0x08009d64   0x08009d64   0x00000018   Code   RO         4616    i.vApplicationGetTimerTaskMemory  cmsis_os2.o
    0x08009d7c   0x08009d7c   0x0000001a   Code   RO         3526    i.vListInitialise   list.o
    0x08009d96   0x08009d96   0x00000006   Code   RO         3527    i.vListInitialiseItem  list.o
    0x08009d9c   0x08009d9c   0x00000034   Code   RO         3528    i.vListInsert       list.o
    0x08009dd0   0x08009dd0   0x00000018   Code   RO         3529    i.vListInsertEnd    list.o
    0x08009de8   0x08009de8   0x00000054   Code   RO         5130    i.vPortEnterCritical  port.o
    0x08009e3c   0x08009e3c   0x0000003c   Code   RO         5131    i.vPortExitCritical  port.o
    0x08009e78   0x08009e78   0x000000a4   Code   RO         5074    i.vPortFree         heap_4.o
    0x08009f1c   0x08009f1c   0x00000028   Code   RO         5132    i.vPortSetupTimerInterrupt  port.o
    0x08009f44   0x08009f44   0x00000078   Code   RO         5133    i.vPortValidateInterruptPriority  port.o
    0x08009fbc   0x08009fbc   0x0000002c   Code   RO         3578    i.vQueueAddToRegistry  queue.o
    0x08009fe8   0x08009fe8   0x0000004a   Code   RO         3582    i.vQueueWaitForMessageRestricted  queue.o
    0x0800a032   0x0800a032   0x00000002   PAD
    0x0800a034   0x0800a034   0x0000005c   Code   RO         3999    i.vTaskDelay        tasks.o
    0x0800a090   0x0800a090   0x00000018   Code   RO         4004    i.vTaskInternalSetTimeOutState  tasks.o
    0x0800a0a8   0x0800a0a8   0x0000000c   Code   RO         4005    i.vTaskMissedYield  tasks.o
    0x0800a0b4   0x0800a0b4   0x00000038   Code   RO         4007    i.vTaskPlaceOnEventList  tasks.o
    0x0800a0ec   0x0800a0ec   0x00000040   Code   RO         4008    i.vTaskPlaceOnEventListRestricted  tasks.o
    0x0800a12c   0x0800a12c   0x000000b8   Code   RO         4016    i.vTaskStartScheduler  tasks.o
    0x0800a1e4   0x0800a1e4   0x00000010   Code   RO         4018    i.vTaskSuspendAll   tasks.o
    0x0800a1f4   0x0800a1f4   0x00000090   Code   RO         4019    i.vTaskSwitchContext  tasks.o
    0x0800a284   0x0800a284   0x00000168   Code   RO         5134    i.xPortStartScheduler  port.o
    0x0800a3ec   0x0800a3ec   0x00000034   Code   RO         5135    i.xPortSysTickHandler  port.o
    0x0800a420   0x0800a420   0x000000e0   Code   RO         3588    i.xQueueGenericCreateStatic  queue.o
    0x0800a500   0x0800a500   0x00000098   Code   RO         3589    i.xQueueGenericReset  queue.o
    0x0800a598   0x0800a598   0x000001a8   Code   RO         3590    i.xQueueGenericSend  queue.o
    0x0800a740   0x0800a740   0x000000fc   Code   RO         3591    i.xQueueGenericSendFromISR  queue.o
    0x0800a83c   0x0800a83c   0x00000168   Code   RO         3600    i.xQueueReceive     queue.o
    0x0800a9a4   0x0800a9a4   0x0000008c   Code   RO         4021    i.xTaskCheckForTimeOut  tasks.o
    0x0800aa30   0x0800aa30   0x00000064   Code   RO         4022    i.xTaskCreate       tasks.o
    0x0800aa94   0x0800aa94   0x000000ba   Code   RO         4023    i.xTaskCreateStatic  tasks.o
    0x0800ab4e   0x0800ab4e   0x00000002   PAD
    0x0800ab50   0x0800ab50   0x00000020   Code   RO         4027    i.xTaskGetSchedulerState  tasks.o
    0x0800ab70   0x0800ab70   0x0000000c   Code   RO         4028    i.xTaskGetTickCount  tasks.o
    0x0800ab7c   0x0800ab7c   0x00000144   Code   RO         4030    i.xTaskIncrementTick  tasks.o
    0x0800acc0   0x0800acc0   0x000000a4   Code   RO         4033    i.xTaskPriorityDisinherit  tasks.o
    0x0800ad64   0x0800ad64   0x00000098   Code   RO         4035    i.xTaskRemoveFromEventList  tasks.o
    0x0800adfc   0x0800adfc   0x00000104   Code   RO         4036    i.xTaskResumeAll    tasks.o
    0x0800af00   0x0800af00   0x00000078   Code   RO         4372    i.xTimerCreateTimerTask  timers.o
    0x0800af78   0x0800af78   0x00000084   Code   RO         4373    i.xTimerGenericCommand  timers.o
    0x0800affc   0x0800affc   0x00000018   Code   RO         6345    x$fpl$basic         fz_wm.l(basic.o)
    0x0800b014   0x0800b014   0x00000062   Code   RO         6160    x$fpl$d2f           fz_wm.l(d2f.o)
    0x0800b076   0x0800b076   0x00000002   PAD
    0x0800b078   0x0800b078   0x00000150   Code   RO         6162    x$fpl$dadd          fz_wm.l(daddsub_clz.o)
    0x0800b1c8   0x0800b1c8   0x00000010   Code   RO         6461    x$fpl$dcheck1       fz_wm.l(dcheck1.o)
    0x0800b1d8   0x0800b1d8   0x00000018   Code   RO         6463    x$fpl$dcmpinf       fz_wm.l(dcmpi.o)
    0x0800b1f0   0x0800b1f0   0x000002b0   Code   RO         6169    x$fpl$ddiv          fz_wm.l(ddiv.o)
    0x0800b4a0   0x0800b4a0   0x0000005e   Code   RO         6172    x$fpl$dfix          fz_wm.l(dfix.o)
    0x0800b4fe   0x0800b4fe   0x0000002e   Code   RO         6177    x$fpl$dflt          fz_wm.l(dflt_clz.o)
    0x0800b52c   0x0800b52c   0x00000026   Code   RO         6176    x$fpl$dfltu         fz_wm.l(dflt_clz.o)
    0x0800b552   0x0800b552   0x00000002   PAD
    0x0800b554   0x0800b554   0x00000078   Code   RO         6347    x$fpl$dleqf         fz_wm.l(dleqf.o)
    0x0800b5cc   0x0800b5cc   0x00000154   Code   RO         6182    x$fpl$dmul          fz_wm.l(dmul.o)
    0x0800b720   0x0800b720   0x0000009c   Code   RO         6349    x$fpl$dnaninf       fz_wm.l(dnaninf.o)
    0x0800b7bc   0x0800b7bc   0x0000000c   Code   RO         6351    x$fpl$dretinf       fz_wm.l(dretinf.o)
    0x0800b7c8   0x0800b7c8   0x0000006c   Code   RO         6353    x$fpl$drleqf        fz_wm.l(drleqf.o)
    0x0800b834   0x0800b834   0x00000016   Code   RO         6163    x$fpl$drsb          fz_wm.l(daddsub_clz.o)
    0x0800b84a   0x0800b84a   0x00000002   PAD
    0x0800b84c   0x0800b84c   0x00000198   Code   RO         6355    x$fpl$dsqrt         fz_wm.l(dsqrt_umaal.o)
    0x0800b9e4   0x0800b9e4   0x000001d4   Code   RO         6164    x$fpl$dsub          fz_wm.l(daddsub_clz.o)
    0x0800bbb8   0x0800bbb8   0x00000056   Code   RO         6184    x$fpl$f2d           fz_wm.l(f2d.o)
    0x0800bc0e   0x0800bc0e   0x0000008c   Code   RO         6357    x$fpl$fnaninf       fz_wm.l(fnaninf.o)
    0x0800bc9a   0x0800bc9a   0x0000000a   Code   RO         6465    x$fpl$fpinit        fz_wm.l(fpinit.o)
    0x0800bca4   0x0800bca4   0x0000000a   Code   RO         6359    x$fpl$fretinf       fz_wm.l(fretinf.o)
    0x0800bcae   0x0800bcae   0x00000064   Code   RO         6496    x$fpl$retnan        fz_wm.l(retnan.o)
    0x0800bd12   0x0800bd12   0x0000005c   Code   RO         6361    x$fpl$scalbn        fz_wm.l(scalbn.o)
    0x0800bd6e   0x0800bd6e   0x00000030   Code   RO         6528    x$fpl$trapveneer    fz_wm.l(trapv.o)
    0x0800bd9e   0x0800bd9e   0x00000000   Code   RO         6363    x$fpl$usenofp       fz_wm.l(usenofp.o)
    0x0800bd9e   0x0800bd9e   0x00000002   PAD
    0x0800bda0   0x0800bda0   0x00000090   Data   RO          278    .constdata          freertos.o
    0x0800be30   0x0800be30   0x00000018   Data   RO         3362    .constdata          system_stm32f4xx.o
    0x0800be48   0x0800be48   0x00000050   Data   RO         6189    .constdata          m_wm.l(acos.o)
    0x0800be98   0x0800be98   0x00000088   Data   RO         6227    .constdata          m_wm.l(pow.o)
    0x0800bf20   0x0800bf20   0x00000098   Data   RO         6367    .constdata          m_wm.l(atan.o)
    0x0800bfb8   0x0800bfb8   0x00000030   Data   RO         6379    .constdata          m_wm.l(cos_i.o)
    0x0800bfe8   0x0800bfe8   0x00000008   Data   RO         6405    .constdata          m_wm.l(qnan.o)
    0x0800bff0   0x0800bff0   0x000000c8   Data   RO         6408    .constdata          m_wm.l(rred.o)
    0x0800c0b8   0x0800c0b8   0x00000028   Data   RO         6412    .constdata          m_wm.l(sin_i.o)
    0x0800c0e0   0x0800c0e0   0x0000003c   Data   RO          279    .conststring        freertos.o
    0x0800c11c   0x0800c11c   0x00000020   Data   RO         6558    Region$$Table       anon$$obj.o


    Execution Region RW_IRAM1 (Exec base: 0x20000000, Load base: 0x0800c13c, Size: 0x00005c20, Max: 0x0001c000, ABSOLUTE, COMPRESSED[0x00000160])

    Exec Addr    Load Addr    Size         Type   Attr      Idx    E Section Name        Object

    0x20000000   COMPRESSED   0x00000010   Data   RW          280    .data               freertos.o
    0x20000010   COMPRESSED   0x00000009   Data   RW         1778    .data               stm32f4xx_hal.o
    0x20000019   COMPRESSED   0x00000003   PAD
    0x2000001c   COMPRESSED   0x00000004   Data   RW         3363    .data               system_stm32f4xx.o
    0x20000020   COMPRESSED   0x0000003c   Data   RW         4039    .data               tasks.o
    0x2000005c   COMPRESSED   0x00000014   Data   RW         4381    .data               timers.o
    0x20000070   COMPRESSED   0x00000004   Data   RW         4618    .data               cmsis_os2.o
    0x20000074   COMPRESSED   0x00000020   Data   RW         5080    .data               heap_4.o
    0x20000094   COMPRESSED   0x0000000c   Data   RW         5136    .data               port.o
    0x200000a0   COMPRESSED   0x00000004   Data   RW         5245    .data               mechanical_arm_uart.o
    0x200000a4   COMPRESSED   0x00000308   Data   RW         5478    .data               rm2006.o
    0x200003ac   COMPRESSED   0x00000014   Data   RW         5598    .data               my_task.o
    0x200003c0   COMPRESSED   0x000000c8   Data   RW         5673    .data               chassis_bsp.o
    0x20000488   COMPRESSED   0x00000110   Data   RW         5835    .data               line_bsp.o
    0x20000598   COMPRESSED   0x00000078   Data   RW         5879    .data               arm_move_bsp.o
    0x20000610        -       0x00000028   Zero   RW          337    .bss                can.o
    0x20000638        -       0x00000110   Zero   RW          382    .bss                usart.o
    0x20000748        -       0x00000048   Zero   RW          557    .bss                stm32f4xx_hal_timebase_tim.o
    0x20000790        -       0x00000040   Zero   RW         3604    .bss                queue.o
    0x200007d0        -       0x000004c4   Zero   RW         4038    .bss                tasks.o
    0x20000c94        -       0x00000118   Zero   RW         4380    .bss                timers.o
    0x20000dac        -       0x000006b8   Zero   RW         4617    .bss                cmsis_os2.o
    0x20001464        -       0x00003c00   Zero   RW         5079    .bss                heap_4.o
    0x20005064        -       0x00000456   Zero   RW         5244    .bss                mechanical_arm_uart.o
    0x200054ba   COMPRESSED   0x00000002   PAD
    0x200054bc        -       0x00000090   Zero   RW         5476    .bss                rm2006.o
    0x2000554c        -       0x0000000a   Zero   RW         5597    .bss                my_task.o
    0x20005556   COMPRESSED   0x00000002   PAD
    0x20005558        -       0x00000054   Zero   RW         5672    .bss                chassis_bsp.o
    0x200055ac        -       0x00000014   Zero   RW         5878    .bss                arm_move_bsp.o
    0x200055c0        -       0x00000060   Zero   RW         6420    .bss                c_w.l(libspace.o)
    0x20005620        -       0x00000200   Zero   RW            2    HEAP                startup_stm32f407xx.o
    0x20005820        -       0x00000400   Zero   RW            1    STACK               startup_stm32f407xx.o


    Execution Region RW_IRAM2 (Exec base: 0x2001c000, Load base: 0x0800c29c, Size: 0x00000000, Max: 0x00004000, ABSOLUTE)

    **** No section assigned to this execution region ****


==============================================================================

Image component sizes


      Code (inc. data)   RO Data    RW Data    ZI Data      Debug   Object Name

      6620        598          0        120         20      10194   arm_move_bsp.o
       324         60          0          0          0       1894   callback.o
       236         20          0          0         40       1709   can.o
        88          6          0          0          0        999   can_bsp.o
      6332        852          0        200         84      24919   chassis_bsp.o
       430         38          0          4       1720      65087   cmsis_os2.o
         0          0          0          0          0      19500   event_groups.o
       294          8          0          0          0       5570   fashion_star_uart_servo.o
       108         48        204         16          0       1629   freertos.o
       396         26          0          0          0       1183   gpio.o
       724         74          0         32      15360       4907   heap_4.o
        28          0          0        272          0       2055   line_bsp.o
       148          0          0          0          0       3610   list.o
       262         16          0          0          0     715516   main.o
       164         36          0          4       1110       3133   mechanical_arm_uart.o
      1008         68          0         20         10       3908   my_task.o
      1014         92          0         12          0      11757   port.o
      1922         20          0          0         64      17492   queue.o
       432          0          0          0          0       9766   ring_buffer.o
      1058         42          0        776        144       5732   rm2006.o
        64         26        392          0       1536        848   startup_stm32f407xx.o
       136         24          0          9          0       8758   stm32f4xx_hal.o
      2188          6          0          0          0      15137   stm32f4xx_hal_can.o
       252         22          0          0          0      33718   stm32f4xx_hal_cortex.o
       212          0          0          0          0       1967   stm32f4xx_hal_dma.o
       528         46          0          0          0       2807   stm32f4xx_hal_gpio.o
        84          6          0          0          0        870   stm32f4xx_hal_msp.o
      1888         94          0          0          0       6313   stm32f4xx_hal_rcc.o
       902         76          0          0          0       6518   stm32f4xx_hal_tim.o
         4          0          0          0          0       1585   stm32f4xx_hal_tim_ex.o
       140         18          0          0         72       1488   stm32f4xx_hal_timebase_tim.o
      2412         14          0          0          0      12668   stm32f4xx_hal_uart.o
       118         36          0          0          0       5880   stm32f4xx_it.o
         0          0          0          0          0        404   stream_buffer.o
        20          6         24          4          0       1147   system_stm32f4xx.o
      2808        346          0         60       1220      27594   tasks.o
      1318        124          0         20        280      32979   timers.o
       816         74          0          0        272       3797   usart.o

    ----------------------------------------------------------------------
     35502       2922        652       1552      21936    1075038   Object Totals
         0          0         32          0          0          0   (incl. Generated)
        24          0          0          3          4          0   (incl. Padding)

    ----------------------------------------------------------------------

      Code (inc. data)   RO Data    RW Data    ZI Data      Debug   Library Member Name

        90          0          0          0          0          0   __dczerorl2.o
         8          0          0          0          0         68   __main.o
         0          0          0          0          0          0   __rtentry.o
        12          0          0          0          0          0   __rtentry2.o
         6          0          0          0          0          0   __rtentry4.o
        52          8          0          0          0          0   __scatter.o
        28          0          0          0          0          0   __scatter_zi.o
        22          0          0          0          0        100   _rserrno.o
        16          0          0          0          0         68   aeabi_memset.o
        18          0          0          0          0         80   exit.o
         6          0          0          0          0        152   heapauxi.o
         0          0          0          0          0          0   indicate_semi.o
         2          0          0          0          0          0   libinit.o
         6          0          0          0          0          0   libinit2.o
         2          0          0          0          0          0   libshutdown.o
         2          0          0          0          0          0   libshutdown2.o
         8          4          0          0         96         68   libspace.o
       238          0          0          0          0        100   lludivv7m.o
         8          4          0          0          0         68   rt_errno_addr_intlibspace.o
        68          0          0          0          0         68   rt_memclr.o
        78          0          0          0          0         80   rt_memclr_w.o
       138          0          0          0          0         68   rt_memcpy_v6.o
       100          0          0          0          0         80   rt_memcpy_w.o
         2          0          0          0          0          0   rtexit.o
        10          0          0          0          0          0   rtexit2.o
        12          4          0          0          0         68   sys_exit.o
        74          0          0          0          0         80   sys_stackheap_outer.o
         2          0          0          0          0         68   use_no_semi.o
        24          0          0          0          0        164   basic.o
        98          4          0          0          0        140   d2f.o
       826         16          0          0          0        492   daddsub_clz.o
        16          4          0          0          0        116   dcheck1.o
        24          0          0          0          0        116   dcmpi.o
       688        140          0          0          0        256   ddiv.o
        94          4          0          0          0        140   dfix.o
        84          0          0          0          0        232   dflt_clz.o
       120          4          0          0          0        140   dleqf.o
       340         12          0          0          0        152   dmul.o
       156          4          0          0          0        140   dnaninf.o
        12          0          0          0          0        116   dretinf.o
       108          0          0          0          0        128   drleqf.o
       408         56          0          0          0        168   dsqrt_umaal.o
        86          4          0          0          0        132   f2d.o
       140          4          0          0          0        132   fnaninf.o
        10          0          0          0          0        116   fpinit.o
        10          0          0          0          0        116   fretinf.o
       100          0          0          0          0        116   retnan.o
        92          0          0          0          0        116   scalbn.o
        48          0          0          0          0        116   trapv.o
         0          0          0          0          0          0   usenofp.o
       856        118         80          0          0        288   acos.o
       744        106        152          0          0        352   atan.o
       496         64          0          0          0        192   atan2.o
       200         20          0          0          0        164   cos.o
       368         46         48          0          0        200   cos_i.o
       184         44          0          0          0        744   dunder.o
        24          0          0          0          0        124   fabs.o
        48          0          0          0          0        124   fpclassify.o
       248          0          0          0          0        152   poly.o
      3152        296        136          0          0        352   pow.o
         0          0          8          0          0          0   qnan.o
      1080        142        200          0          0        188   rred.o
       200         20          0          0          0        164   sin.o
       304         24         40          0          0        208   sin_i.o
       232          0          0          0          0        296   sqrt.o

    ----------------------------------------------------------------------
     12650       1152        664          0         96       8108   Library Totals
        22          0          0          0          0          0   (incl. Padding)

    ----------------------------------------------------------------------

      Code (inc. data)   RO Data    RW Data    ZI Data      Debug   Library Name

      1008         20          0          0         96       1216   c_w.l
      3484        252          0          0          0       3344   fz_wm.l
      8136        880        664          0          0       3548   m_wm.l

    ----------------------------------------------------------------------
     12650       1152        664          0         96       8108   Library Totals

    ----------------------------------------------------------------------

==============================================================================


      Code (inc. data)   RO Data    RW Data    ZI Data      Debug   

     48152       4074       1316       1552      22032    1055174   Grand Totals
     48152       4074       1316        352      22032    1055174   ELF Image Totals (compressed)
     48152       4074       1316        352          0          0   ROM Totals

==============================================================================

    Total RO  Size (Code + RO Data)                49468 (  48.31kB)
    Total RW  Size (RW Data + ZI Data)             23584 (  23.03kB)
    Total ROM Size (Code + RO Data + RW Data)      49820 (  48.65kB)

==============================================================================

